Component: ARM Compiler 5.06 update 1 (build 61) Tool: armlink [4d35a8]

==============================================================================

Section Cross References

    isr.o(i.DMA1_Channel1_IRQHandler) refers to hal_dma.o(i.DMA_GetFlagStatus) for DMA_GetFlagStatus
    isr.o(i.DMA1_Channel1_IRQHandler) refers to hal_dma.o(i.DMA_ClearFlag) for DMA_ClearFlag
    isr.o(i.DMA1_Channel2_IRQHandler) refers to hal_dma.o(i.DMA_GetFlagStatus) for DMA_GetFlagStatus
    isr.o(i.DMA1_Channel2_IRQHandler) refers to hal_dma.o(i.DMA_ClearFlag) for DMA_ClearFlag
    isr.o(i.DMA1_Channel3_IRQHandler) refers to hal_dma.o(i.DMA_GetFlagStatus) for DMA_GetFlagStatus
    isr.o(i.DMA1_Channel3_IRQHandler) refers to hal_dma.o(i.DMA_ClearFlag) for DMA_ClearFlag
    isr.o(i.DMA1_Channel4_IRQHandler) refers to hal_dma.o(i.DMA_GetFlagStatus) for DMA_GetFlagStatus
    isr.o(i.DMA1_Channel4_IRQHandler) refers to hal_dma.o(i.DMA_ClearFlag) for DMA_ClearFlag
    isr.o(i.DMA1_Channel4_IRQHandler) refers to seekfree_mt9v03x.o(i.mt9v03x_dma) for mt9v03x_dma
    isr.o(i.DMA1_Channel5_IRQHandler) refers to hal_dma.o(i.DMA_GetFlagStatus) for DMA_GetFlagStatus
    isr.o(i.DMA1_Channel5_IRQHandler) refers to hal_dma.o(i.DMA_ClearFlag) for DMA_ClearFlag
    isr.o(i.DMA1_Channel6_IRQHandler) refers to hal_dma.o(i.DMA_GetFlagStatus) for DMA_GetFlagStatus
    isr.o(i.DMA1_Channel6_IRQHandler) refers to hal_dma.o(i.DMA_ClearFlag) for DMA_ClearFlag
    isr.o(i.DMA1_Channel7_IRQHandler) refers to hal_dma.o(i.DMA_GetFlagStatus) for DMA_GetFlagStatus
    isr.o(i.DMA1_Channel7_IRQHandler) refers to hal_dma.o(i.DMA_ClearFlag) for DMA_ClearFlag
    isr.o(i.DMA2_Channel1_IRQHandler) refers to hal_dma.o(i.DMA_GetFlagStatus) for DMA_GetFlagStatus
    isr.o(i.DMA2_Channel1_IRQHandler) refers to hal_dma.o(i.DMA_ClearFlag) for DMA_ClearFlag
    isr.o(i.DMA2_Channel2_IRQHandler) refers to hal_dma.o(i.DMA_GetFlagStatus) for DMA_GetFlagStatus
    isr.o(i.DMA2_Channel2_IRQHandler) refers to hal_dma.o(i.DMA_ClearFlag) for DMA_ClearFlag
    isr.o(i.DMA2_Channel3_IRQHandler) refers to hal_dma.o(i.DMA_GetFlagStatus) for DMA_GetFlagStatus
    isr.o(i.DMA2_Channel3_IRQHandler) refers to hal_dma.o(i.DMA_ClearFlag) for DMA_ClearFlag
    isr.o(i.DMA2_Channel4_IRQHandler) refers to hal_dma.o(i.DMA_GetFlagStatus) for DMA_GetFlagStatus
    isr.o(i.DMA2_Channel4_IRQHandler) refers to hal_dma.o(i.DMA_ClearFlag) for DMA_ClearFlag
    isr.o(i.DMA2_Channel5_IRQHandler) refers to hal_dma.o(i.DMA_GetFlagStatus) for DMA_GetFlagStatus
    isr.o(i.DMA2_Channel5_IRQHandler) refers to hal_dma.o(i.DMA_ClearFlag) for DMA_ClearFlag
    isr.o(i.DMA2_Channel5_IRQHandler) refers to seekfree_wireless.o(i.wireless_usart_dma_interrupt) for wireless_usart_dma_interrupt
    isr.o(i.EXTI0_IRQHandler) refers to hal_exti.o(i.EXTI_ClearFlag) for EXTI_ClearFlag
    isr.o(i.EXTI15_10_IRQHandler) refers to hal_exti.o(i.EXTI_GetITStatus) for EXTI_GetITStatus
    isr.o(i.EXTI15_10_IRQHandler) refers to hal_exti.o(i.EXTI_ClearFlag) for EXTI_ClearFlag
    isr.o(i.EXTI1_IRQHandler) refers to hal_exti.o(i.EXTI_ClearFlag) for EXTI_ClearFlag
    isr.o(i.EXTI2_IRQHandler) refers to hal_exti.o(i.EXTI_ClearFlag) for EXTI_ClearFlag
    isr.o(i.EXTI3_IRQHandler) refers to hal_exti.o(i.EXTI_ClearFlag) for EXTI_ClearFlag
    isr.o(i.EXTI4_IRQHandler) refers to hal_exti.o(i.EXTI_ClearFlag) for EXTI_ClearFlag
    isr.o(i.EXTI9_5_IRQHandler) refers to hal_exti.o(i.EXTI_GetITStatus) for EXTI_GetITStatus
    isr.o(i.EXTI9_5_IRQHandler) refers to hal_exti.o(i.EXTI_ClearFlag) for EXTI_ClearFlag
    isr.o(i.EXTI9_5_IRQHandler) refers to seekfree_mt9v03x.o(i.mt9v03x_vsync) for mt9v03x_vsync
    isr.o(i.TIM7_IRQHandler) refers to main.o(i.pit_tim7_hanlder) for pit_tim7_hanlder
    isr.o(i.TIM8_UP_IRQHandler) refers to main.o(i.pit_tim8_hanlder) for pit_tim8_hanlder
    isr.o(i.UART1_IRQHandler) refers to main.o(i.uart_order_receive) for uart_order_receive
    isr.o(i.UART4_IRQHandler) refers to main.o(i.uart_order_receive) for uart_order_receive
    isr.o(i.UART8_IRQHandler) refers to seekfree_mt9v03x.o(i.mt9v03x_uart_callback) for mt9v03x_uart_callback
    main.o(i.Imu_Update) refers to fmul.o(.text) for __aeabi_fmul
    main.o(i.Imu_Update) refers to fadd.o(.text) for __aeabi_fadd
    main.o(i.Imu_Update) refers to main.o(i.invSqrt) for invSqrt
    main.o(i.Imu_Update) refers to f2d.o(.text) for __aeabi_f2d
    main.o(i.Imu_Update) refers to sqrt.o(i.sqrt) for sqrt
    main.o(i.Imu_Update) refers to ddiv.o(.text) for __aeabi_ddiv
    main.o(i.Imu_Update) refers to atan.o(i.atan) for atan
    main.o(i.Imu_Update) refers to dmul.o(.text) for __aeabi_dmul
    main.o(i.Imu_Update) refers to d2f.o(.text) for __aeabi_d2f
    main.o(i.Imu_Update) refers to fscalb.o(.text) for __ARM_scalbnf
    main.o(i.Imu_Update) refers to dadd.o(.text) for __aeabi_dadd
    main.o(i.Imu_Update) refers to asin.o(i.asin) for asin
    main.o(i.Imu_Update) refers to main.o(.data) for .data
[...]
    i.UART4_IRQHandler                       0x08001cb8   Section        0  isr.o(i.UART4_IRQHandler)
    i.UART5_IRQHandler                       0x08001cec   Section        0  isr.o(i.UART5_IRQHandler)
    i.UART6_IRQHandler                       0x08001d10   Section        0  isr.o(i.UART6_IRQHandler)
    i.UART7_IRQHandler                       0x08001d3c   Section        0  isr.o(i.UART7_IRQHandler)
    i.UART8_IRQHandler                       0x08001d68   Section        0  isr.o(i.UART8_IRQHandler)
    i.UART_Cmd                               0x08001d98   Section        0  hal_uart.o(i.UART_Cmd)
    i.UART_DMACmd                            0x08001da4   Section        0  hal_uart.o(i.UART_DMACmd)
    i.UART_Init                              0x08001db4   Section        0  hal_uart.o(i.UART_Init)
    i.UART_StructInit                        0x08001e24   Section        0  hal_uart.o(i.UART_StructInit)
    i.UsageFault_Handler                     0x08001e3c   Section        0  common.o(i.UsageFault_Handler)
    i.__ARM_fpclassify                       0x08001e3e   Section        0  fpclassify.o(i.__ARM_fpclassify)
    i.__ieee754_rem_pio2                     0x08001e68   Section        0  rred.o(i.__ieee754_rem_pio2)
    i.__kernel_cos                           0x080021f0   Section        0  cos_i.o(i.__kernel_cos)
    i.__kernel_poly                          0x080022ec   Section        0  poly.o(i.__kernel_poly)
    i.__kernel_sin                           0x08002398   Section        0  sin_i.o(i.__kernel_sin)
    i.__mathlib_dbl_divzero                  0x08002484   Section        0  dunder.o(i.__mathlib_dbl_divzero)
    i.__mathlib_dbl_infnan                   0x08002494   Section        0  dunder.o(i.__mathlib_dbl_infnan)
    i.__mathlib_dbl_infnan2                  0x0800249a   Section        0  dunder.o(i.__mathlib_dbl_infnan2)
    i.__mathlib_dbl_invalid                  0x0800249e   Section        0  dunder.o(i.__mathlib_dbl_invalid)
    i.__mathlib_dbl_overflow                 0x080024aa   Section        0  dunder.o(i.__mathlib_dbl_overflow)
    i.__mathlib_dbl_underflow                0x080024b8   Section        0  dunder.o(i.__mathlib_dbl_underflow)
    i.__scatterload_copy                     0x080024c8   Section       14  handlers.o(i.__scatterload_copy)
    i.__scatterload_null                     0x080024d6   Section        2  handlers.o(i.__scatterload_null)
    i.__scatterload_zeroinit                 0x080024d8   Section       14  handlers.o(i.__scatterload_zeroinit)
    i.__set_errno                            0x080024e8   Section        0  errno.o(i.__set_errno)
    i.add                                    0x080024f4   Section        0  main.o(i.add)
    i.afio_init                              0x08002548   Section        0  zf_gpio.o(i.afio_init)
    i.asin                                   0x080025b4   Section        0  asin.o(i.asin)
    i.atan                                   0x08002824   Section        0  atan.o(i.atan)
    i.blue_square                            0x08002a44   Section        0  main.o(i.blue_square)
    i.board_init                             0x08002a70   Section        0  board.o(i.board_init)
    i.calculate_aaa                          0x08002b10   Section        0  main.o(i.calculate_aaa)
    i.calculate_bounder                      0x08002b4c   Section        0  main.o(i.calculate_bounder)
    i.cos                                    0x08002b98   Section        0  cos.o(i.cos)
    i.drv8701_control                        0x08002c34   Section        0  drv8701.o(i.drv8701_control)
    i.drv8701_init                           0x08002c94   Section        0  drv8701.o(i.drv8701_init)
    i.encoder_init                           0x08002dc0   Section        0  encoder.o(i.encoder_init)
    i.findcenter_2                           0x08002edc   Section        0  image.o(i.findcenter_2)
    i.fsmc_init                              0x08002fa8   Section        0  zf_fsmc.o(i.fsmc_init)
    i.get_config                             0x08002ff8   Section        0  seekfree_mt9v03x.o(i.get_config)
    i.get_icm20602_accdata_spi               0x08003054   Section        0  seekfree_icm20602.o(i.get_icm20602_accdata_spi)
    i.get_icm20602_gyro_spi                  0x08003084   Section        0  seekfree_icm20602.o(i.get_icm20602_gyro_spi)
    i.gpio_get                               0x080030b4   Section        0  zf_gpio.o(i.gpio_get)
    i.gpio_init                              0x080030d8   Section        0  zf_gpio.o(i.gpio_init)
    i.gpio_init_spi2_cs                      0x08003174   Section        0  seekfree_icm20602.o(i.gpio_init_spi2_cs)
    i.gyro_OffsetInit                        0x080031b0   Section        0  main.o(i.gyro_OffsetInit)
    i.icm20602_data_change                   0x08003230   Section        0  seekfree_icm20602.o(i.icm20602_data_change)
    i.icm20602_init_spi                      0x08003344   Section        0  seekfree_icm20602.o(i.icm20602_init_spi)
    i.icm_spi_r_reg_byte                     0x080033cc   Section        0  seekfree_icm20602.o(i.icm_spi_r_reg_byte)
    icm_spi_r_reg_byte                       0x080033cd   Thumb Code    60  seekfree_icm20602.o(i.icm_spi_r_reg_byte)
    i.icm_spi_r_reg_bytes                    0x0800340c   Section        0  seekfree_icm20602.o(i.icm_spi_r_reg_bytes)
    icm_spi_r_reg_bytes                      0x0800340d   Thumb Code    44  seekfree_icm20602.o(i.icm_spi_r_reg_bytes)
    i.icm_spi_w_reg_byte                     0x0800343c   Section        0  seekfree_icm20602.o(i.icm_spi_w_reg_byte)
    icm_spi_w_reg_byte                       0x0800343d   Thumb Code    48  seekfree_icm20602.o(i.icm_spi_w_reg_byte)
    i.invSqrt                                0x08003470   Section        0  main.o(i.invSqrt)
    invSqrt                                  0x08003471   Thumb Code    48  main.o(i.invSqrt)
    i.ips200_address_set                     0x080034a4   Section        0  seekfree_ips200_parallel8.o(i.ips200_address_set)
    i.ips200_clear                           0x080034dc   Section        0  seekfree_ips200_parallel8.o(i.ips200_clear)
    i.ips200_drawpoint                       0x0800350e   Section        0  seekfree_ips200_parallel8.o(i.ips200_drawpoint)
    i.ips200_init                            0x08003524   Section        0  seekfree_ips200_parallel8.o(i.ips200_init)
    i.ips200_showchar                        0x0800377c   Section        0  seekfree_ips200_parallel8.o(i.ips200_showchar)
    i.ips200_showfloat                       0x080037e0   Section        0  seekfree_ips200_parallel8.o(i.ips200_showfloat)
    i.ips200_showstr                         0x0800387c   Section        0  seekfree_ips200_parallel8.o(i.ips200_showstr)
    i.ips200_wr_data                         0x080038a8   Section        0  seekfree_ips200_parallel8.o(i.ips200_wr_data)
    i.ips200_wr_data16                       0x080038d8   Section        0  seekfree_ips200_parallel8.o(i.ips200_wr_data16)
    i.ips200_wr_reg                          0x08003924   Section        0  seekfree_ips200_parallel8.o(i.ips200_wr_reg)
    i.key_action                             0x08003954   Section        0  main.o(i.key_action)
    i.main                                   0x08003af8   Section        0  main.o(i.main)
    i.mt9v03x_dma                            0x08003ca4   Section        0  seekfree_mt9v03x.o(i.mt9v03x_dma)
    i.mt9v03x_dma_init                       0x08003cc0   Section        0  seekfree_mt9v03x.o(i.mt9v03x_dma_init)
    i.mt9v03x_exti_init                      0x08003d84   Section        0  seekfree_mt9v03x.o(i.mt9v03x_exti_init)
    i.mt9v03x_init                           0x08003df8   Section        0  seekfree_mt9v03x.o(i.mt9v03x_init)
    i.mt9v03x_tim1_etr_init                  0x08003e4c   Section        0  seekfree_mt9v03x.o(i.mt9v03x_tim1_etr_init)
    i.mt9v03x_uart_callback                  0x08003ef4   Section        0  seekfree_mt9v03x.o(i.mt9v03x_uart_callback)
    i.mt9v03x_uart_init                      0x08003f2c   Section        0  seekfree_mt9v03x.o(i.mt9v03x_uart_init)
    i.mt9v03x_uart_rx_irq                    0x08003fcc   Section        0  seekfree_mt9v03x.o(i.mt9v03x_uart_rx_irq)
    i.mt9v03x_vsync                          0x08004004   Section        0  seekfree_mt9v03x.o(i.mt9v03x_vsync)
    i.number_conversion_ascii                0x0800401c   Section        0  seekfree_printf.o(i.number_conversion_ascii)
    i.pd_control_for_balance                 0x0800406c   Section        0  pid.o(i.pd_control_for_balance)
    i.pi_control_for_speed                   0x0800410c   Section        0  pid.o(i.pi_control_for_speed)
    i.pid_calculate_4                        0x080041ac   Section        0  pid.o(i.pid_calculate_4)
    i.pit_tim7_hanlder                       0x0800425c   Section        0  main.o(i.pit_tim7_hanlder)
    i.pit_tim8_hanlder                       0x080042b0   Section        0  main.o(i.pit_tim8_hanlder)
    i.pow                                    0x0800474c   Section        0  pow.o(i.pow)
    i.printf_reverse_order                   0x08005124   Section        0  seekfree_printf.o(i.printf_reverse_order)
    i.q0q1q2q3_init                          0x08005144   Section        0  main.o(i.q0q1q2q3_init)
    i.reduce                                 0x08005284   Section        0  main.o(i.reduce)
    i.seekfree_wireless_init                 0x080052d8   Section        0  seekfree_wireless.o(i.seekfree_wireless_init)
    i.set_config                             0x080053a0   Section        0  seekfree_mt9v03x.o(i.set_config)
    i.show_turn                              0x08005408   Section        0  main.o(i.show_turn)
    i.sin                                    0x080057ec   Section        0  sin.o(i.sin)
    i.spi2_init                              0x0800588c   Section        0  seekfree_icm20602.o(i.spi2_init)
    i.spi2_mosi                              0x080058f4   Section        0  seekfree_icm20602.o(i.spi2_mosi)
    i.spi2_pin_init                          0x08005928   Section        0  seekfree_icm20602.o(i.spi2_pin_init)
    spi2_pin_init                            0x08005929   Thumb Code   118  seekfree_icm20602.o(i.spi2_pin_init)
    i.sqrt                                   0x080059a4   Section        0  sqrt.o(i.sqrt)
    i.systick_delay                          0x080059f0   Section        0  zf_systick.o(i.systick_delay)
    i.systick_delay_ms                       0x08005a0c   Section        0  zf_systick.o(i.systick_delay_ms)
    i.tim7_interrupt_init_ms                 0x08005a2c   Section        0  main.o(i.tim7_interrupt_init_ms)
    i.tim8_interrupt_init_ms                 0x08005aac   Section        0  main.o(i.tim8_interrupt_init_ms)
    i.tim_encoder_get_count_                 0x08005b2c   Section        0  encoder.o(i.tim_encoder_get_count_)
    i.uart1_putchar                          0x08005b3c   Section        0  seekfree_mt9v03x.o(i.uart1_putchar)
    i.uart1_rx_irq                           0x08005b48   Section        0  board.o(i.uart1_rx_irq)
    i.uart4_rx_irq                           0x08005b78   Section        0  seekfree_wireless.o(i.uart4_rx_irq)
    i.uart8_putbuff                          0x08005ba8   Section        0  seekfree_mt9v03x.o(i.uart8_putbuff)
    i.uart_order_receive                     0x08005bcc   Section        0  main.o(i.uart_order_receive)
    i.white_square                           0x08005bdc   Section        0  main.o(i.white_square)
    i.wireless_usart_dma                     0x08005c10   Section        0  seekfree_wireless.o(i.wireless_usart_dma)
    i.wireless_usart_dma_interrupt           0x08005ca8   Section        0  seekfree_wireless.o(i.wireless_usart_dma_interrupt)
    i.zf_sprintf                             0x08005cd8   Section        0  seekfree_printf.o(i.zf_sprintf)
    .constdata                               0x08005eec   Section     1520  seekfree_font.o(.constdata)
    .constdata                               0x080064e0   Section       80  asin.o(.constdata)
    pS                                       0x080064e0   Data          48  asin.o(.constdata)
    qS                                       0x08006510   Data          32  asin.o(.constdata)
    .constdata                               0x08006530   Section      152  atan.o(.constdata)
    atanhi                                   0x08006530   Data          32  atan.o(.constdata)
    atanlo                                   0x08006550   Data          32  atan.o(.constdata)
    aTodd                                    0x08006570   Data          40  atan.o(.constdata)
    aTeven                                   0x08006598   Data          48  atan.o(.constdata)
    .constdata                               0x080065c8   Section      136  pow.o(.constdata)
    bp                                       0x080065c8   Data          16  pow.o(.constdata)
    dp_h                                     0x080065d8   Data          16  pow.o(.constdata)
    dp_l                                     0x080065e8   Data          16  pow.o(.constdata)
    L                                        0x080065f8   Data          48  pow.o(.constdata)
    P                                        0x08006628   Data          40  pow.o(.constdata)
    .constdata                               0x08006650   Section       48  cos_i.o(.constdata)
    C                                        0x08006650   Data          48  cos_i.o(.constdata)
    .constdata                               0x08006680   Section        8  qnan.o(.constdata)
    .constdata                               0x08006688   Section      200  rred.o(.constdata)
    pio2s                                    0x08006688   Data          48  rred.o(.constdata)
    twooverpi                                0x080066b8   Data         152  rred.o(.constdata)
    .constdata                               0x08006750   Section       40  sin_i.o(.constdata)
    S                                        0x08006750   Data          40  sin_i.o(.constdata)
    .data                                    0x20000000   Section      400  main.o(.data)
    .data                                    0x20000190   Section        1  main.o(.data)
    .data                                    0x20000194   Section        4  main.o(.data)
    .data                                    0x20000198   Section        4  main.o(.data)
    .data                                    0x2000019c   Section        1  main.o(.data)
    .data                                    0x2000019d   Section        1  main.o(.data)
    .data                                    0x200001a0   Section        4  delay.o(.data)
    TimingDelay                              0x200001a0   Data           4  delay.o(.data)
    .data                                    0x200001a4   Section        4  common.o(.data)
    .data                                    0x200001a8   Section        4  system_mm32f327x.o(.data)
    .data                                    0x200001ac   Section       32  zf_gpio.o(.data)
    .data                                    0x200001cc   Section       36  seekfree_icm20602.o(.data)
    .data                                    0x200001f0   Section       74  seekfree_mt9v03x.o(.data)
    receive_num                              0x200001f1   Data           1  seekfree_mt9v03x.o(.data)
    uart_receive_flag                        0x200001f2   Data           1  seekfree_mt9v03x.o(.data)
    receive                                  0x200001f3   Data           3  seekfree_mt9v03x.o(.data)
    .data                                    0x2000023a   Section       16  hal_rcc.o(.data)
    .data                                    0x2000024c   Section        4  errno.o(.data)
    _errno                                   0x2000024c   Data           4  errno.o(.data)
    .bss                                     0x20000250   Section    40080  main.o(.bss)
    .bss                                     0x20009ee0   Section    12000  seekfree_mt9v03x.o(.bss)
    STACK                                    0x2000cdc0   Section     1024  startup_mm32f327x_keil.o(STACK)

    Global Symbols

    Symbol Name                              Value     Ov Type        Size  Object(Section)

    BuildAttributes$$THM_ISAv4$P$D$K$B$S$PE$A:L22UL41UL21$X:L11$S22US41US21$IEEE1$IW$USESV6$~STKCKD$USESV7$~SHL$OTIME$ROPI$IEEEX$EBA8$MICROLIB$REQ8$PRES8$EABIv2 0x00000000   Number         0  anon$$obj.o ABSOLUTE
    __ARM_use_no_argv                        0x00000000   Number         0  main.o ABSOLUTE
    _printf_a                                0x00000000   Number         0  stubs.o ABSOLUTE
    _printf_c                                0x00000000   Number         0  stubs.o ABSOLUTE
    _printf_charcount                        0x00000000   Number         0  stubs.o ABSOLUTE
    _printf_d                                0x00000000   Number         0  stubs.o ABSOLUTE
    _printf_e                                0x00000000   Number         0  stubs.o ABSOLUTE
    _printf_f                                0x00000000   Number         0  stubs.o ABSOLUTE
    _printf_flags                            0x00000000   Number         0  stubs.o ABSOLUTE
    _printf_fp_dec                           0x00000000   Number         0  stubs.o ABSOLUTE
    _printf_fp_hex                           0x00000000   Number         0  stubs.o ABSOLUTE
    _printf_g                                0x00000000   Number         0  stubs.o ABSOLUTE
    _printf_i                                0x00000000   Number         0  stubs.o ABSOLUTE
    _printf_int_dec                          0x00000000   Number         0  stubs.o ABSOLUTE
    _printf_l                                0x00000000   Number         0  stubs.o ABSOLUTE
    _printf_lc                               0x00000000   Number         0  stubs.o ABSOLUTE
    _printf_ll                               0x00000000   Number         0  stubs.o ABSOLUTE
    _printf_lld                              0x00000000   Number         0  stubs.o ABSOLUTE
    _printf_lli                              0x00000000   Number         0  stubs.o ABSOLUTE
    _printf_llo                              0x00000000   Number         0  stubs.o ABSOLUTE
    _printf_llu                              0x00000000   Number         0  stubs.o ABSOLUTE
    _printf_llx                              0x00000000   Number         0  stubs.o ABSOLUTE
    _printf_longlong_dec                     0x00000000   Number         0  stubs.o ABSOLUTE
    _printf_longlong_hex                     0x00000000   Number         0  stubs.o ABSOLUTE
    _printf_longlong_oct                     0x00000000   Number         0  stubs.o ABSOLUTE
    _printf_ls                               0x00000000   Number         0  stubs.o ABSOLUTE
    _printf_mbtowc                           0x00000000   Number         0  stubs.o ABSOLUTE
    _printf_n                                0x00000000   Number         0  stubs.o ABSOLUTE
    _printf_o                                0x00000000   Number         0  stubs.o ABSOLUTE
    _printf_p                                0x00000000   Number         0  stubs.o ABSOLUTE
    _printf_percent                          0x00000000   Number         0  stubs.o ABSOLUTE
    _printf_pre_padding                      0x00000000   Number         0  stubs.o ABSOLUTE
    _printf_return_value                     0x00000000   Number         0  stubs.o ABSOLUTE
    _printf_s                                0x00000000   Number         0  stubs.o ABSOLUTE
    _printf_sizespec                         0x00000000   Number         0  stubs.o ABSOLUTE
    _printf_str                              0x00000000   Number         0  stubs.o ABSOLUTE
    _printf_truncate_signed                  0x00000000   Number         0  stubs.o ABSOLUTE
    _printf_truncate_unsigned                0x00000000   Number         0  stubs.o ABSOLUTE
    _printf_u                                0x00000000   Number         0  stubs.o ABSOLUTE
    _printf_wc                               0x00000000   Number         0  stubs.o ABSOLUTE
    _printf_wctomb                           0x00000000   Number         0  stubs.o ABSOLUTE
    _printf_widthprec                        0x00000000   Number         0  stubs.o ABSOLUTE
    _printf_x                                0x00000000   Number         0  stubs.o ABSOLUTE
    __cpp_initialize__aeabi_                  - Undefined Weak Reference
    __cxa_finalize                            - Undefined Weak Reference
    _clock_init                               - Undefined Weak Reference
    _microlib_exit                            - Undefined Weak Reference
    __Vectors_Size                           0x00000190   Number         0  startup_mm32f327x_keil.o ABSOLUTE
    __Vectors                                0x08000000   Data           4  startup_mm32f327x_keil.o(RESET)
    __Vectors_End                            0x08000190   Data           0  startup_mm32f327x_keil.o(RESET)
    __main                                   0x08000191   Thumb Code     0  entry.o(.ARM.Collect$$$$00000000)
    _main_stk                                0x08000191   Thumb Code     0  entry2.o(.ARM.Collect$$$$00000001)
    _main_scatterload                        0x08000195   Thumb Code     0  entry5.o(.ARM.Collect$$$$00000004)
    __main_after_scatterload                 0x08000199   Thumb Code     0  entry5.o(.ARM.Collect$$$$00000004)
    _main_clock                              0x08000199   Thumb Code     0  entry7b.o(.ARM.Collect$$$$00000008)
    _main_cpp_init                           0x08000199   Thumb Code     0  entry8b.o(.ARM.Collect$$$$0000000A)
    _main_init                               0x08000199   Thumb Code     0  entry9a.o(.ARM.Collect$$$$0000000B)
    __rt_final_cpp                           0x080001a1   Thumb Code     0  entry10a.o(.ARM.Collect$$$$0000000D)
    __rt_final_exit                          0x080001a1   Thumb Code     0  entry11a.o(.ARM.Collect$$$$0000000F)
    Reset_Handler                            0x080001a5   Thumb Code     8  startup_mm32f327x_keil.o(.text)
    ADC1_2_IRQHandler                        0x080001bf   Thumb Code     0  startup_mm32f327x_keil.o(.text)
    ADC3_IRQHandler                          0x080001bf   Thumb Code     0  startup_mm32f327x_keil.o(.text)
    CAN1_RX_IRQHandler                       0x080001bf   Thumb Code     0  startup_mm32f327x_keil.o(.text)
    COMP1_2_IRQHandler                       0x080001bf   Thumb Code     0  startup_mm32f327x_keil.o(.text)
    ETH_IRQHandler                           0x080001bf   Thumb Code     0  startup_mm32f327x_keil.o(.text)
    FLASH_IRQHandler                         0x080001bf   Thumb Code     0  startup_mm32f327x_keil.o(.text)
    FlashCache_IRQHandler                    0x080001bf   Thumb Code     0  startup_mm32f327x_keil.o(.text)
    I2C1_IRQHandler                          0x080001bf   Thumb Code     0  startup_mm32f327x_keil.o(.text)
    I2C2_IRQHandler                          0x080001bf   Thumb Code     0  startup_mm32f327x_keil.o(.text)
    OTG_FS_IRQHandler                        0x080001bf   Thumb Code     0  startup_mm32f327x_keil.o(.text)
    OTG_FS_WKUP_IRQHandler                   0x080001bf   Thumb Code     0  startup_mm32f327x_keil.o(.text)
    PVD_IRQHandler                           0x080001bf   Thumb Code     0  startup_mm32f327x_keil.o(.text)
    RCC_CRS_IRQHandler                       0x080001bf   Thumb Code     0  startup_mm32f327x_keil.o(.text)
    RTCAlarm_IRQHandler                      0x080001bf   Thumb Code     0  startup_mm32f327x_keil.o(.text)
    RTC_IRQHandler                           0x080001bf   Thumb Code     0  startup_mm32f327x_keil.o(.text)
    SDIO_IRQHandler                          0x080001bf   Thumb Code     0  startup_mm32f327x_keil.o(.text)
    SPI1_IRQHandler                          0x080001bf   Thumb Code     0  startup_mm32f327x_keil.o(.text)
    SPI2_IRQHandler                          0x080001bf   Thumb Code     0  startup_mm32f327x_keil.o(.text)
    SPI3_IRQHandler                          0x080001bf   Thumb Code     0  startup_mm32f327x_keil.o(.text)
    TAMPER_IRQHandler                        0x080001bf   Thumb Code     0  startup_mm32f327x_keil.o(.text)
    TIM1_BRK_IRQHandler                      0x080001bf   Thumb Code     0  startup_mm32f327x_keil.o(.text)
    TIM1_CC_IRQHandler                       0x080001bf   Thumb Code     0  startup_mm32f327x_keil.o(.text)
    TIM1_TRG_COM_IRQHandler                  0x080001bf   Thumb Code     0  startup_mm32f327x_keil.o(.text)
    TIM8_BRK_IRQHandler                      0x080001bf   Thumb Code     0  startup_mm32f327x_keil.o(.text)
    TIM8_CC_IRQHandler                       0x080001bf   Thumb Code     0  startup_mm32f327x_keil.o(.text)
    TIM8_TRG_COM_IRQHandler                  0x080001bf   Thumb Code     0  startup_mm32f327x_keil.o(.text)
    WWDG_IRQHandler                          0x080001bf   Thumb Code     0  startup_mm32f327x_keil.o(.text)
    __aeabi_memcpy                           0x080001c9   Thumb Code    36  memcpya.o(.text)
    __aeabi_memcpy4                          0x080001c9   Thumb Code     0  memcpya.o(.text)
    __aeabi_memcpy8                          0x080001c9   Thumb Code     0  memcpya.o(.text)
    __aeabi_fadd                             0x080001ed   Thumb Code   164  fadd.o(.text)
    __aeabi_fsub                             0x08000291   Thumb Code     6  fadd.o(.text)
    __aeabi_frsub                            0x08000297   Thumb Code     6  fadd.o(.text)
    __aeabi_fmul                             0x0800029d   Thumb Code   100  fmul.o(.text)
    __aeabi_fdiv                             0x08000301   Thumb Code   124  fdiv.o(.text)
    __ARM_scalbnf                            0x0800037d   Thumb Code    24  fscalb.o(.text)
    scalbnf                                  0x0800037d   Thumb Code     0  fscalb.o(.text)
    __aeabi_dadd                             0x08000395   Thumb Code   322  dadd.o(.text)
    __aeabi_dsub                             0x080004d7   Thumb Code     6  dadd.o(.text)
    __aeabi_drsub                            0x080004dd   Thumb Code     6  dadd.o(.text)
    __aeabi_dmul                             0x080004e3   Thumb Code   228  dmul.o(.text)
    __aeabi_ddiv                             0x080005c7   Thumb Code   222  ddiv.o(.text)
    __ARM_scalbn                             0x080006a5   Thumb Code    46  dscalb.o(.text)
    scalbn                                   0x080006a5   Thumb Code     0  dscalb.o(.text)
    __aeabi_i2f                              0x080006d3   Thumb Code    18  fflti.o(.text)
    __aeabi_ui2f                             0x080006e5   Thumb Code    10  ffltui.o(.text)
    __aeabi_i2d                              0x080006ef   Thumb Code    34  dflti.o(.text)
    __aeabi_ui2d                             0x08000711   Thumb Code    26  dfltui.o(.text)
    __aeabi_f2iz                             0x0800072b   Thumb Code    50  ffixi.o(.text)
    __aeabi_f2uiz                            0x0800075d   Thumb Code    40  ffixui.o(.text)
    __aeabi_d2iz                             0x08000785   Thumb Code    62  dfixi.o(.text)
    __aeabi_f2d                              0x080007c3   Thumb Code    38  f2d.o(.text)
    __aeabi_cdcmpeq                          0x080007e9   Thumb Code     0  cdcmple.o(.text)
    __aeabi_cdcmple                          0x080007e9   Thumb Code    48  cdcmple.o(.text)
    __aeabi_cdrcmple                         0x08000819   Thumb Code    48  cdrcmple.o(.text)
    __aeabi_d2f                              0x08000849   Thumb Code    56  d2f.o(.text)
    __aeabi_cfcmpeq                          0x08000881   Thumb Code     0  cfcmple.o(.text)
    __aeabi_cfcmple                          0x08000881   Thumb Code    20  cfcmple.o(.text)
    __aeabi_cfrcmple                         0x08000895   Thumb Code    20  cfrcmple.o(.text)
    __aeabi_llsl                             0x080008a9   Thumb Code    30  llshl.o(.text)
    _ll_shift_l                              0x080008a9   Thumb Code     0  llshl.o(.text)
    __aeabi_llsr                             0x080008c7   Thumb Code    32  llushr.o(.text)
    _ll_ushift_r                             0x080008c7   Thumb Code     0  llushr.o(.text)
    __aeabi_lasr                             0x080008e7   Thumb Code    36  llsshr.o(.text)
    _ll_sshift_r                             0x080008e7   Thumb Code     0  llsshr.o(.text)
    __I$use$fp                               0x0800090b   Thumb Code     0  iusefp.o(.text)
    _float_round                             0x0800090b   Thumb Code    18  fepilogue.o(.text)
    _float_epilogue                          0x0800091d   Thumb Code    92  fepilogue.o(.text)
    _double_round                            0x08000979   Thumb Code    30  depilogue.o(.text)
    _double_epilogue                         0x08000997   Thumb Code   156  depilogue.o(.text)
    _dsqrt                                   0x08000a33   Thumb Code   162  dsqrt.o(.text)
    __scatterload                            0x08000ad5   Thumb Code    28  init.o(.text)
    __scatterload_rt2                        0x08000ad5   Thumb Code     0  init.o(.text)
    __decompress                             0x08000af9   Thumb Code     0  __dczerorl2.o(.text)
    __decompress1                            0x08000af9   Thumb Code    86  __dczerorl2.o(.text)
    AutoCalPllFactor                         0x08000b4f   Thumb Code    66  system_mm32f327x.o(i.AutoCalPllFactor)
    BusFault_Handler                         0x08000b91   Thumb Code     2  common.o(i.BusFault_Handler)
    DMA1_Channel1_IRQHandler                 0x08000bbb   Thumb Code    24  isr.o(i.DMA1_Channel1_IRQHandler)
    DMA1_Channel2_IRQHandler                 0x08000bd3   Thumb Code    24  isr.o(i.DMA1_Channel2_IRQHandler)
    DMA1_Channel3_IRQHandler                 0x08000beb   Thumb Code    28  isr.o(i.DMA1_Channel3_IRQHandler)
    DMA1_Channel4_IRQHandler                 0x08000c07   Thumb Code    32  isr.o(i.DMA1_Channel4_IRQHandler)
    DMA1_Channel5_IRQHandler                 0x08000c27   Thumb Code    28  isr.o(i.DMA1_Channel5_IRQHandler)
    DMA1_Channel6_IRQHandler                 0x08000c43   Thumb Code    28  isr.o(i.DMA1_Channel6_IRQHandler)
    DMA1_Channel7_IRQHandler                 0x08000c5f   Thumb Code    28  isr.o(i.DMA1_Channel7_IRQHandler)
    DMA2_Channel1_IRQHandler                 0x08000c7d   Thumb Code    26  isr.o(i.DMA2_Channel1_IRQHandler)
    DMA2_Channel2_IRQHandler                 0x08000c9d   Thumb Code    26  isr.o(i.DMA2_Channel2_IRQHandler)
    DMA2_Channel3_IRQHandler                 0x08000cbd   Thumb Code    26  isr.o(i.DMA2_Channel3_IRQHandler)
    DMA2_Channel4_IRQHandler                 0x08000cdd   Thumb Code    26  isr.o(i.DMA2_Channel4_IRQHandler)
    DMA2_Channel5_IRQHandler                 0x08000cfd   Thumb Code    30  isr.o(i.DMA2_Channel5_IRQHandler)
    DMA_ClearFlag                            0x08000d21   Thumb Code    18  hal_dma.o(i.DMA_ClearFlag)
    DMA_Cmd                                  0x08000d3d   Thumb Code    12  hal_dma.o(i.DMA_Cmd)
    DMA_DeInit                               0x08000d49   Thumb Code    66  hal_dma.o(i.DMA_DeInit)
    DMA_GetFlagStatus                        0x08000d95   Thumb Code    26  hal_dma.o(i.DMA_GetFlagStatus)
    DMA_ITConfig                             0x08000db9   Thumb Code    16  hal_dma.o(i.DMA_ITConfig)
    DMA_Init                                 0x08000dc9   Thumb Code    70  hal_dma.o(i.DMA_Init)
    DebugMon_Handler                         0x08000e0f   Thumb Code     2  common.o(i.DebugMon_Handler)
    EXTI0_IRQHandler                         0x08000e11   Thumb Code     6  isr.o(i.EXTI0_IRQHandler)
    EXTI15_10_IRQHandler                     0x08000e17   Thumb Code   118  isr.o(i.EXTI15_10_IRQHandler)
    EXTI1_IRQHandler                         0x08000e8d   Thumb Code     6  isr.o(i.EXTI1_IRQHandler)
    EXTI2_IRQHandler                         0x08000e93   Thumb Code     6  isr.o(i.EXTI2_IRQHandler)
    EXTI3_IRQHandler                         0x08000e99   Thumb Code     6  isr.o(i.EXTI3_IRQHandler)
    EXTI4_IRQHandler                         0x08000e9f   Thumb Code     6  isr.o(i.EXTI4_IRQHandler)
    EXTI9_5_IRQHandler                       0x08000ea5   Thumb Code    92  isr.o(i.EXTI9_5_IRQHandler)
    EXTI_ClearFlag                           0x08000f01   Thumb Code     6  hal_exti.o(i.EXTI_ClearFlag)
    EXTI_GetITStatus                         0x08000f0d   Thumb Code    26  hal_exti.o(i.EXTI_GetITStatus)
    EXTI_Init                                0x08000f2d   Thumb Code   132  hal_exti.o(i.EXTI_Init)
    EXTI_LineConfig                          0x08000fb5   Thumb Code    34  hal_exti.o(i.EXTI_LineConfig)
    EXTI_StructInit                          0x08000fdd   Thumb Code    14  hal_exti.o(i.EXTI_StructInit)
    FSMC_NORSRAMInit                         0x08000fed   Thumb Code    40  hal_fsmc.o(i.FSMC_NORSRAMInit)
    FSMC_NORSRAMStructInit                   0x08001019   Thumb Code    22  hal_fsmc.o(i.FSMC_NORSRAMStructInit)
    FSMC_NORSRAM_BankStructInit              0x0800102f   Thumb Code    24  hal_fsmc.o(i.FSMC_NORSRAM_BankStructInit)
    FSMC_NORSRAM_Bank_Init                   0x08001047   Thumb Code   182  hal_fsmc.o(i.FSMC_NORSRAM_Bank_Init)
    GPIO_Init                                0x080010fd   Thumb Code   156  hal_gpio.o(i.GPIO_Init)
    GPIO_PinAFConfig                         0x08001199   Thumb Code    32  hal_gpio.o(i.GPIO_PinAFConfig)
    GPIO_ResetBits                           0x080011b9   Thumb Code     4  hal_gpio.o(i.GPIO_ResetBits)
    GPIO_SetBits                             0x080011bd   Thumb Code     4  hal_gpio.o(i.GPIO_SetBits)
    GPIO_StructInit                          0x080011c1   Thumb Code    16  hal_gpio.o(i.GPIO_StructInit)
    HardFault_Handler                        0x080011d1   Thumb Code     2  common.o(i.HardFault_Handler)
    Imu_Update                               0x080011d5   Thumb Code  1058  main.o(i.Imu_Update)
    MemManage_Handler                        0x080015f7   Thumb Code     2  common.o(i.MemManage_Handler)
    NMI_Handler                              0x080015f9   Thumb Code     2  common.o(i.NMI_Handler)
    NVIC_Init                                0x080015fd   Thumb Code    90  hal_misc.o(i.NVIC_Init)
    PendSV_Handler                           0x0800165d   Thumb Code     2  common.o(i.PendSV_Handler)
    RCC_AHB3PeriphClockCmd                   0x08001661   Thumb Code    18  hal_rcc.o(i.RCC_AHB3PeriphClockCmd)
    RCC_AHBPeriphClockCmd                    0x08001679   Thumb Code    18  hal_rcc.o(i.RCC_AHBPeriphClockCmd)
    RCC_APB1PeriphClockCmd                   0x08001691   Thumb Code    18  hal_rcc.o(i.RCC_APB1PeriphClockCmd)
    RCC_APB2PeriphClockCmd                   0x080016a9   Thumb Code    18  hal_rcc.o(i.RCC_APB2PeriphClockCmd)
    RCC_GetHCLKFreq                          0x080016c1   Thumb Code    22  hal_rcc.o(i.RCC_GetHCLKFreq)
    RCC_GetPCLK1Freq                         0x080016e1   Thumb Code    22  hal_rcc.o(i.RCC_GetPCLK1Freq)
    RCC_GetPCLK2Freq                         0x08001701   Thumb Code    22  hal_rcc.o(i.RCC_GetPCLK2Freq)
    RCC_GetSysClockFreq                      0x08001721   Thumb Code    66  hal_rcc.o(i.RCC_GetSysClockFreq)
    SVC_Handler                              0x08001771   Thumb Code     2  common.o(i.SVC_Handler)
    SysTick_Handler                          0x080018f5   Thumb Code    16  delay.o(i.SysTick_Handler)
    SystemInit                               0x08001909   Thumb Code    88  system_mm32f327x.o(i.SystemInit)
    TIM1_UP_IRQHandler                       0x08001975   Thumb Code    12  isr.o(i.TIM1_UP_IRQHandler)
    TIM2_IRQHandler                          0x08001985   Thumb Code    14  isr.o(i.TIM2_IRQHandler)
    TIM3_IRQHandler                          0x08001995   Thumb Code    12  isr.o(i.TIM3_IRQHandler)
    TIM4_IRQHandler                          0x080019a5   Thumb Code    12  isr.o(i.TIM4_IRQHandler)
    TIM5_IRQHandler                          0x080019b5   Thumb Code    12  isr.o(i.TIM5_IRQHandler)
    TIM6_IRQHandler                          0x080019c5   Thumb Code    12  isr.o(i.TIM6_IRQHandler)
    TIM7_IRQHandler                          0x080019d5   Thumb Code    14  isr.o(i.TIM7_IRQHandler)
    TIM8_UP_IRQHandler                       0x080019e9   Thumb Code    14  isr.o(i.TIM8_UP_IRQHandler)
    TIM_ARRPreloadConfig                     0x080019fd   Thumb Code    20  hal_tim.o(i.TIM_ARRPreloadConfig)
    TIM_Cmd                                  0x08001a11   Thumb Code    20  hal_tim.o(i.TIM_Cmd)
    TIM_CtrlPWMOutputs                       0x08001a25   Thumb Code    20  hal_tim.o(i.TIM_CtrlPWMOutputs)
    TIM_DMACmd                               0x08001a39   Thumb Code    16  hal_tim.o(i.TIM_DMACmd)
    TIM_ETRConfig                            0x08001a49   Thumb Code    44  hal_tim.o(i.TIM_ETRConfig)
    TIM_OC2Init                              0x08001a75   Thumb Code    86  hal_tim.o(i.TIM_OC2Init)
    TIM_OC2PreloadConfig                     0x08001ad5   Thumb Code    14  hal_tim.o(i.TIM_OC2PreloadConfig)
    TIM_OC4Init                              0x08001ae5   Thumb Code    64  hal_tim.o(i.TIM_OC4Init)
    TIM_OC4PreloadConfig                     0x08001b2d   Thumb Code    14  hal_tim.o(i.TIM_OC4PreloadConfig)
    TIM_OCStructInit                         0x08001b3b   Thumb Code    20  hal_tim.o(i.TIM_OCStructInit)
    TIM_SelectInputTrigger                   0x08001b4f   Thumb Code    12  hal_tim.o(i.TIM_SelectInputTrigger)
    TIM_SelectMasterSlaveMode                0x08001b5b   Thumb Code    12  hal_tim.o(i.TIM_SelectMasterSlaveMode)
    TIM_SelectSlaveMode                      0x08001b67   Thumb Code    12  hal_tim.o(i.TIM_SelectSlaveMode)
    TIM_SetCompare2                          0x08001b75   Thumb Code    18  hal_tim.o(i.TIM_SetCompare2)
    TIM_SetCompare4                          0x08001b8d   Thumb Code    18  hal_tim.o(i.TIM_SetCompare4)
    TIM_TimeBaseInit                         0x08001ba5   Thumb Code    96  hal_tim.o(i.TIM_TimeBaseInit)
    TIM_TimeBaseStructInit                   0x08001c19   Thumb Code    18  hal_tim.o(i.TIM_TimeBaseStructInit)
    UART1_IRQHandler                         0x08001c2d   Thumb Code    44  isr.o(i.UART1_IRQHandler)
    UART2_IRQHandler                         0x08001c61   Thumb Code    34  isr.o(i.UART2_IRQHandler)
    UART3_IRQHandler                         0x08001c8d   Thumb Code    34  isr.o(i.UART3_IRQHandler)
    UART4_IRQHandler                         0x08001cb9   Thumb Code    42  isr.o(i.UART4_IRQHandler)
    UART5_IRQHandler                         0x08001ced   Thumb Code    32  isr.o(i.UART5_IRQHandler)
    UART6_IRQHandler                         0x08001d11   Thumb Code    34  isr.o(i.UART6_IRQHandler)
    UART7_IRQHandler                         0x08001d3d   Thumb Code    34  isr.o(i.UART7_IRQHandler)
    UART8_IRQHandler                         0x08001d69   Thumb Code    38  isr.o(i.UART8_IRQHandler)
    UART_Cmd                                 0x08001d99   Thumb Code    12  hal_uart.o(i.UART_Cmd)
    UART_DMACmd                              0x08001da5   Thumb Code    14  hal_uart.o(i.UART_DMACmd)
    UART_Init                                0x08001db5   Thumb Code   106  hal_uart.o(i.UART_Init)
    UART_StructInit                          0x08001e25   Thumb Code    24  hal_uart.o(i.UART_StructInit)
    UsageFault_Handler                       0x08001e3d   Thumb Code     2  common.o(i.UsageFault_Handler)
    __ARM_fpclassify                         0x08001e3f   Thumb Code    40  fpclassify.o(i.__ARM_fpclassify)
    __ieee754_rem_pio2                       0x08001e69   Thumb Code   828  rred.o(i.__ieee754_rem_pio2)
    __kernel_cos                             0x080021f1   Thumb Code   230  cos_i.o(i.__kernel_cos)
    __kernel_poly                            0x080022ed   Thumb Code   170  poly.o(i.__kernel_poly)
    __kernel_sin                             0x08002399   Thumb Code   224  sin_i.o(i.__kernel_sin)
    __mathlib_dbl_divzero                    0x08002485   Thumb Code    12  dunder.o(i.__mathlib_dbl_divzero)
    __mathlib_dbl_infnan                     0x08002495   Thumb Code     6  dunder.o(i.__mathlib_dbl_infnan)
    __mathlib_dbl_infnan2                    0x0800249b   Thumb Code     4  dunder.o(i.__mathlib_dbl_infnan2)
    __mathlib_dbl_invalid                    0x0800249f   Thumb Code    12  dunder.o(i.__mathlib_dbl_invalid)
    __mathlib_dbl_overflow                   0x080024ab   Thumb Code    14  dunder.o(i.__mathlib_dbl_overflow)
    __mathlib_dbl_underflow                  0x080024b9   Thumb Code    10  dunder.o(i.__mathlib_dbl_underflow)
    __scatterload_copy                       0x080024c9   Thumb Code    14  handlers.o(i.__scatterload_copy)
    __scatterload_null                       0x080024d7   Thumb Code     2  handlers.o(i.__scatterload_null)
    __scatterload_zeroinit                   0x080024d9   Thumb Code    14  handlers.o(i.__scatterload_zeroinit)
    __set_errno                              0x080024e9   Thumb Code     6  errno.o(i.__set_errno)
    add                                      0x080024f5   Thumb Code    74  main.o(i.add)
    afio_init                                0x08002549   Thumb Code   100  zf_gpio.o(i.afio_init)
    asin                                     0x080025b5   Thumb Code   572  asin.o(i.asin)
    atan                                     0x08002825   Thumb Code   474  atan.o(i.atan)
    blue_square                              0x08002a45   Thumb Code    42  main.o(i.blue_square)
    board_init                               0x08002a71   Thumb Code   152  board.o(i.board_init)
    calculate_aaa                            0x08002b11   Thumb Code    50  main.o(i.calculate_aaa)
    calculate_bounder                        0x08002b4d   Thumb Code    62  main.o(i.calculate_bounder)
    cos                                      0x08002b99   Thumb Code   148  cos.o(i.cos)
    drv8701_control                          0x08002c35   Thumb Code    88  drv8701.o(i.drv8701_control)
    drv8701_init                             0x08002c95   Thumb Code   290  drv8701.o(i.drv8701_init)
    encoder_init                             0x08002dc1   Thumb Code   270  encoder.o(i.encoder_init)
    findcenter_2                             0x08002edd   Thumb Code   172  image.o(i.findcenter_2)
    fsmc_init                                0x08002fa9   Thumb Code    80  zf_fsmc.o(i.fsmc_init)
    get_config                               0x08002ff9   Thumb Code    88  seekfree_mt9v03x.o(i.get_config)
    get_icm20602_accdata_spi                 0x08003055   Thumb Code    44  seekfree_icm20602.o(i.get_icm20602_accdata_spi)
    get_icm20602_gyro_spi                    0x08003085   Thumb Code    44  seekfree_icm20602.o(i.get_icm20602_gyro_spi)
    gpio_get                                 0x080030b5   Thumb Code    30  zf_gpio.o(i.gpio_get)
    gpio_init                                0x080030d9   Thumb Code   146  zf_gpio.o(i.gpio_init)
    gpio_init_spi2_cs                        0x08003175   Thumb Code    56  seekfree_icm20602.o(i.gpio_init_spi2_cs)
    gyro_OffsetInit                          0x080031b1   Thumb Code   112  main.o(i.gyro_OffsetInit)
    icm20602_data_change                     0x08003231   Thumb Code   252  seekfree_icm20602.o(i.icm20602_data_change)
    icm20602_init_spi                        0x08003345   Thumb Code   136  seekfree_icm20602.o(i.icm20602_init_spi)
    ips200_address_set                       0x080034a5   Thumb Code    56  seekfree_ips200_parallel8.o(i.ips200_address_set)
    ips200_clear                             0x080034dd   Thumb Code    50  seekfree_ips200_parallel8.o(i.ips200_clear)
    ips200_drawpoint                         0x0800350f   Thumb Code    22  seekfree_ips200_parallel8.o(i.ips200_drawpoint)
    ips200_init                              0x08003525   Thumb Code   596  seekfree_ips200_parallel8.o(i.ips200_init)
    ips200_showchar                          0x0800377d   Thumb Code    94  seekfree_ips200_parallel8.o(i.ips200_showchar)
    ips200_showfloat                         0x080037e1   Thumb Code   152  seekfree_ips200_parallel8.o(i.ips200_showfloat)
    ips200_showstr                           0x0800387d   Thumb Code    42  seekfree_ips200_parallel8.o(i.ips200_showstr)
    ips200_wr_data                           0x080038a9   Thumb Code    40  seekfree_ips200_parallel8.o(i.ips200_wr_data)
    ips200_wr_data16                         0x080038d9   Thumb Code    68  seekfree_ips200_parallel8.o(i.ips200_wr_data16)
    ips200_wr_reg                            0x08003925   Thumb Code    42  seekfree_ips200_parallel8.o(i.ips200_wr_reg)
    key_action                               0x08003955   Thumb Code   414  main.o(i.key_action)
    main                                     0x08003af9   Thumb Code   398  main.o(i.main)
    mt9v03x_dma                              0x08003ca5   Thumb Code    20  seekfree_mt9v03x.o(i.mt9v03x_dma)
    mt9v03x_dma_init                         0x08003cc1   Thumb Code   184  seekfree_mt9v03x.o(i.mt9v03x_dma_init)
    mt9v03x_exti_init                        0x08003d85   Thumb Code   112  seekfree_mt9v03x.o(i.mt9v03x_exti_init)
    mt9v03x_init                             0x08003df9   Thumb Code    72  seekfree_mt9v03x.o(i.mt9v03x_init)
    mt9v03x_tim1_etr_init                    0x08003e4d   Thumb Code   158  seekfree_mt9v03x.o(i.mt9v03x_tim1_etr_init)
    mt9v03x_uart_callback                    0x08003ef5   Thumb Code    46  seekfree_mt9v03x.o(i.mt9v03x_uart_callback)
    mt9v03x_uart_init                        0x08003f2d   Thumb Code   150  seekfree_mt9v03x.o(i.mt9v03x_uart_init)
    mt9v03x_uart_rx_irq                      0x08003fcd   Thumb Code    52  seekfree_mt9v03x.o(i.mt9v03x_uart_rx_irq)
    mt9v03x_vsync                            0x08004005   Thumb Code    18  seekfree_mt9v03x.o(i.mt9v03x_vsync)
    number_conversion_ascii                  0x0800401d   Thumb Code    78  seekfree_printf.o(i.number_conversion_ascii)
    pd_control_for_balance                   0x0800406d   Thumb Code   144  pid.o(i.pd_control_for_balance)
    pi_control_for_speed                     0x0800410d   Thumb Code   150  pid.o(i.pi_control_for_speed)
    pid_calculate_4                          0x080041ad   Thumb Code   158  pid.o(i.pid_calculate_4)
    pit_tim7_hanlder                         0x0800425d   Thumb Code    70  main.o(i.pit_tim7_hanlder)
    pit_tim8_hanlder                         0x080042b1   Thumb Code  1172  main.o(i.pit_tim8_hanlder)
    pow                                      0x0800474d   Thumb Code  2512  pow.o(i.pow)
    printf_reverse_order                     0x08005125   Thumb Code    30  seekfree_printf.o(i.printf_reverse_order)
    q0q1q2q3_init                            0x08005145   Thumb Code   302  main.o(i.q0q1q2q3_init)
    reduce                                   0x08005285   Thumb Code    74  main.o(i.reduce)
    seekfree_wireless_init                   0x080052d9   Thumb Code   190  seekfree_wireless.o(i.seekfree_wireless_init)
    set_config                               0x080053a1   Thumb Code    98  seekfree_mt9v03x.o(i.set_config)
    show_turn                                0x08005409   Thumb Code   906  main.o(i.show_turn)
    sin                                      0x080057ed   Thumb Code   150  sin.o(i.sin)
    spi2_init                                0x0800588d   Thumb Code    98  seekfree_icm20602.o(i.spi2_init)
    spi2_mosi                                0x080058f5   Thumb Code    46  seekfree_icm20602.o(i.spi2_mosi)
    sqrt                                     0x080059a5   Thumb Code    76  sqrt.o(i.sqrt)
    systick_delay                            0x080059f1   Thumb Code    26  zf_systick.o(i.systick_delay)
    systick_delay_ms                         0x08005a0d   Thumb Code    28  zf_systick.o(i.systick_delay_ms)
    tim7_interrupt_init_ms                   0x08005a2d   Thumb Code   120  main.o(i.tim7_interrupt_init_ms)
    tim8_interrupt_init_ms                   0x08005aad   Thumb Code   120  main.o(i.tim8_interrupt_init_ms)
    tim_encoder_get_count_                   0x08005b2d   Thumb Code    16  encoder.o(i.tim_encoder_get_count_)
    uart1_putchar                            0x08005b3d   Thumb Code    10  seekfree_mt9v03x.o(i.uart1_putchar)
    uart1_rx_irq                             0x08005b49   Thumb Code    42  board.o(i.uart1_rx_irq)
    uart4_rx_irq                             0x08005b79   Thumb Code    42  seekfree_wireless.o(i.uart4_rx_irq)
    uart8_putbuff                            0x08005ba9   Thumb Code    32  seekfree_mt9v03x.o(i.uart8_putbuff)
    uart_order_receive                       0x08005bcd   Thumb Code    12  main.o(i.uart_order_receive)
    white_square                             0x08005bdd   Thumb Code    50  main.o(i.white_square)
    wireless_usart_dma                       0x08005c11   Thumb Code   140  seekfree_wireless.o(i.wireless_usart_dma)
    wireless_usart_dma_interrupt             0x08005ca9   Thumb Code    44  seekfree_wireless.o(i.wireless_usart_dma_interrupt)
    zf_sprintf                               0x08005cd9   Thumb Code   526  seekfree_printf.o(i.zf_sprintf)
    tft_ascii                                0x08005eec   Data        1520  seekfree_font.o(.constdata)
    __mathlib_zero                           0x08006680   Data           8  qnan.o(.constdata)
    Region$$Table$$Base                      0x08006778   Number         0  anon$$obj.o(Region$$Table)
    Region$$Table$$Limit                     0x08006798   Number         0  anon$$obj.o(Region$$Table)
    i                                        0x20000000   Data           1  main.o(.data)
    j                                        0x20000001   Data           1  main.o(.data)
    lable                                    0x20000002   Data           1  main.o(.data)
    x_average                                0x20000003   Data           1  main.o(.data)
    x_average_last                           0x20000004   Data           1  main.o(.data)
    y_average                                0x20000005   Data           1  main.o(.data)
    x_average_use                            0x20000006   Data           1  main.o(.data)
    key0_state                               0x20000007   Data           1  main.o(.data)
    key1_state                               0x20000008   Data           1  main.o(.data)
    key2_state                               0x20000009   Data           1  main.o(.data)
    key3_state                               0x2000000a   Data           1  main.o(.data)
    key4_state                               0x2000000b   Data           1  main.o(.data)
    key5_state                               0x2000000c   Data           1  main.o(.data)
    key6_state                               0x2000000d   Data           1  main.o(.data)
    key7_state                               0x2000000e   Data           1  main.o(.data)
    key0_state_last                          0x2000000f   Data           1  main.o(.data)
    key1_state_last                          0x20000010   Data           1  main.o(.data)
    key2_state_last                          0x20000011   Data           1  main.o(.data)
    key3_state_last                          0x20000012   Data           1  main.o(.data)
    key4_state_last                          0x20000013   Data           1  main.o(.data)
    key5_state_last                          0x20000014   Data           1  main.o(.data)
    key6_state_last                          0x20000015   Data           1  main.o(.data)
    key7_state_last                          0x20000016   Data           1  main.o(.data)
    key0_flag                                0x20000017   Data           1  main.o(.data)
    key1_flag                                0x20000018   Data           1  main.o(.data)
    key2_flag                                0x20000019   Data           1  main.o(.data)
    key3_flag                                0x2000001a   Data           1  main.o(.data)
    key4_flag                                0x2000001b   Data           1  main.o(.data)
    key5_flag                                0x2000001c   Data           1  main.o(.data)
    key6_flag                                0x2000001d   Data           1  main.o(.data)
    key7_flag                                0x2000001e   Data           1  main.o(.data)
    turn_radius                              0x20000020   Data           4  main.o(.data)
    image_aim_mid                            0x20000024   Data           4  main.o(.data)
    control_fps                              0x20000028   Data           4  main.o(.data)
    image_fps                                0x2000002c   Data           4  main.o(.data)
    threshhold                               0x20000030   Data           4  main.o(.data)
    mt9v03x_angle                            0x20000034   Data           4  main.o(.data)
    mt9v03x_rate                             0x20000038   Data           4  main.o(.data)
    bounder_flag                             0x2000003c   Data           4  main.o(.data)
    num_max                                  0x20000040   Data           4  main.o(.data)
    orderB                                   0x20000044   Data           4  main.o(.data)
    PWMsetLeft                               0x20000048   Data           4  main.o(.data)
    PWMsetRight                              0x2000004c   Data           4  main.o(.data)
    q0                                       0x20000050   Data           4  main.o(.data)
    q1                                       0x20000054   Data           4  main.o(.data)
    q2                                       0x20000058   Data           4  main.o(.data)
    q3                                       0x2000005c   Data           4  main.o(.data)
    exInt                                    0x20000060   Data           4  main.o(.data)
    eyInt                                    0x20000064   Data           4  main.o(.data)
    ezInt                                    0x20000068   Data           4  main.o(.data)
    speedAim                                 0x2000006c   Data           4  main.o(.data)
    speedAimTurnSet                          0x20000070   Data           4  main.o(.data)
    speedAimMid                              0x20000074   Data           4  main.o(.data)
    speed_use                                0x20000078   Data           4  main.o(.data)
    PitchAim                                 0x2000007c   Data           4  main.o(.data)
    lastPitch                                0x20000080   Data           4  main.o(.data)
    angleRate                                0x20000084   Data           4  main.o(.data)
    change                                   0x20000088   Data           4  main.o(.data)
    change2                                  0x2000008c   Data           4  main.o(.data)
    change3                                  0x20000090   Data           4  main.o(.data)
    change4                                  0x20000094   Data           4  main.o(.data)
    balance_circle                           0x20000098   Data           4  main.o(.data)
    icm20602_circle                          0x2000009c   Data           4  main.o(.data)
    speed_circle                             0x200000a0   Data           4  main.o(.data)
    turn_flag                                0x200000a4   Data           4  main.o(.data)
    state                                    0x200000a8   Data           4  main.o(.data)
    distance                                 0x200000ac   Data           4  main.o(.data)
    line                                     0x200000b0   Data           4  main.o(.data)
    location                                 0x200000b4   Data           4  main.o(.data)
    bounder                                  0x200000b8   Data           4  main.o(.data)
    num                                      0x200000bc   Data           4  main.o(.data)
    Pitch                                    0x200000c0   Data           4  main.o(.data)
    test_Pitch                               0x200000c4   Data           4  main.o(.data)
    change2_MAX                              0x200000c8   Data           4  main.o(.data)
    change2_MIN                              0x200000cc   Data           4  main.o(.data)
    encoder1_speed                           0x200000d0   Data           8  main.o(.data)
    encoder2_speed                           0x200000d8   Data           8  main.o(.data)
    encoder1_use                             0x200000e0   Data           8  main.o(.data)
    encoder2_use                             0x200000e8   Data           8  main.o(.data)
    Kp                                       0x200000f0   Data           8  main.o(.data)
    Ki                                       0x200000f8   Data           8  main.o(.data)
    GyroOffset                               0x20000100   Data          16  main.o(.data)
    directionPID                             0x20000110   Data          12  main.o(.data)
    balancePID                               0x2000011c   Data          12  main.o(.data)
    speedPIDMid                              0x20000128   Data          12  main.o(.data)
    speedPID                                 0x20000134   Data          12  main.o(.data)
    dispaly                                  0x20000140   Data          80  main.o(.data)
    area                                     0x20000190   Data           1  main.o(.data)
    speed_I_MAX                              0x20000194   Data           4  main.o(.data)
    I_TIME_LENGTH                            0x20000198   Data           4  main.o(.data)
    y                                        0x2000019c   Data           1  main.o(.data)
    x                                        0x2000019d   Data           1  main.o(.data)
    camera_buffer_addr                       0x200001a4   Data           4  common.o(.data)
    SystemCoreClock                          0x200001a8   Data           4  system_mm32f327x.o(.data)
    gpio_group                               0x200001ac   Data          32  zf_gpio.o(.data)
    icm_gyro_x                               0x200001cc   Data           2  seekfree_icm20602.o(.data)
    icm_gyro_y                               0x200001ce   Data           2  seekfree_icm20602.o(.data)
    icm_gyro_z                               0x200001d0   Data           2  seekfree_icm20602.o(.data)
    icm_acc_x                                0x200001d2   Data           2  seekfree_icm20602.o(.data)
    icm_acc_y                                0x200001d4   Data           2  seekfree_icm20602.o(.data)
    icm_acc_z                                0x200001d6   Data           2  seekfree_icm20602.o(.data)
    unit_icm_gyro_x                          0x200001d8   Data           4  seekfree_icm20602.o(.data)
    unit_icm_gyro_y                          0x200001dc   Data           4  seekfree_icm20602.o(.data)
    unit_icm_gyro_z                          0x200001e0   Data           4  seekfree_icm20602.o(.data)
    unit_icm_acc_x                           0x200001e4   Data           4  seekfree_icm20602.o(.data)
    unit_icm_acc_y                           0x200001e8   Data           4  seekfree_icm20602.o(.data)
    unit_icm_acc_z                           0x200001ec   Data           4  seekfree_icm20602.o(.data)
    mt9v03x_finish_flag                      0x200001f0   Data           1  seekfree_mt9v03x.o(.data)
    MT9V03X_CFG                              0x200001f6   Data          36  seekfree_mt9v03x.o(.data)
    GET_CFG                                  0x2000021a   Data          32  seekfree_mt9v03x.o(.data)
    tbPresc                                  0x2000023a   Data          16  hal_rcc.o(.data)
    mt9v03x_image4                           0x20000250   Data       12000  main.o(.bss)
    zero                                     0x20003130   Data       12000  main.o(.bss)
    parent                                   0x20006010   Data        4000  main.o(.bss)
    directionERR                             0x20006fb0   Data          20  main.o(.bss)
    balanceERR                               0x20006fc4   Data          20  main.o(.bss)
    speedERRMid                              0x20006fd8   Data          20  main.o(.bss)
    speedERR                                 0x20006fec   Data          20  main.o(.bss)
    mt9v03x_image2                           0x20007000   Data       12000  main.o(.bss)
    mt9v03x_image                            0x20009ee0   Data       12000  seekfree_mt9v03x.o(.bss)
    __initial_sp                             0x2000d1c0   Data           0  startup_mm32f327x_keil.o(STACK)



==============================================================================

Memory Map of the image

  Image Entry point : 0x08000191

  Load Region LR_IROM1 (Base: 0x08000000, Size: 0x000069e8, Max: 0x00080000, ABSOLUTE, COMPRESSED[0x00006888])

    Execution Region ER_IROM1 (Base: 0x08000000, Size: 0x00006798, Max: 0x00080000, ABSOLUTE)

    Base Addr    Size         Type   Attr      Idx    E Section Name        Object

    0x08000000   0x00000190   Data   RO         1455    RESET               startup_mm32f327x_keil.o
    0x08000190   0x00000000   Code   RO         7776  * .ARM.Collect$$$$00000000  mc_w.l(entry.o)
    0x08000190   0x00000004   Code   RO         8125    .ARM.Collect$$$$00000001  mc_w.l(entry2.o)
    0x08000194   0x00000004   Code   RO         8128    .ARM.Collect$$$$00000004  mc_w.l(entry5.o)
    0x08000198   0x00000000   Code   RO         8130    .ARM.Collect$$$$00000008  mc_w.l(entry7b.o)
    0x08000198   0x00000000   Code   RO         8132    .ARM.Collect$$$$0000000A  mc_w.l(entry8b.o)
    0x08000198   0x00000008   Code   RO         8133    .ARM.Collect$$$$0000000B  mc_w.l(entry9a.o)
    0x080001a0   0x00000000   Code   RO         8135    .ARM.Collect$$$$0000000D  mc_w.l(entry10a.o)
    0x080001a0   0x00000000   Code   RO         8137    .ARM.Collect$$$$0000000F  mc_w.l(entry11a.o)
    0x080001a0   0x00000004   Code   RO         8126    .ARM.Collect$$$$00002712  mc_w.l(entry2.o)
    0x080001a4   0x00000024   Code   RO         1456    .text               startup_mm32f327x_keil.o
    0x080001c8   0x00000024   Code   RO         7781    .text               mc_w.l(memcpya.o)
    0x080001ec   0x000000b0   Code   RO         8050    .text               mf_w.l(fadd.o)
    0x0800029c   0x00000064   Code   RO         8052    .text               mf_w.l(fmul.o)
    0x08000300   0x0000007c   Code   RO         8054    .text               mf_w.l(fdiv.o)
    0x0800037c   0x00000018   Code   RO         8056    .text               mf_w.l(fscalb.o)
    0x08000394   0x0000014e   Code   RO         8058    .text               mf_w.l(dadd.o)
    0x080004e2   0x000000e4   Code   RO         8060    .text               mf_w.l(dmul.o)
    0x080005c6   0x000000de   Code   RO         8062    .text               mf_w.l(ddiv.o)
    0x080006a4   0x0000002e   Code   RO         8064    .text               mf_w.l(dscalb.o)
    0x080006d2   0x00000012   Code   RO         8066    .text               mf_w.l(fflti.o)
    0x080006e4   0x0000000a   Code   RO         8068    .text               mf_w.l(ffltui.o)
    0x080006ee   0x00000022   Code   RO         8070    .text               mf_w.l(dflti.o)
    0x08000710   0x0000001a   Code   RO         8072    .text               mf_w.l(dfltui.o)
    0x0800072a   0x00000032   Code   RO         8074    .text               mf_w.l(ffixi.o)
    0x0800075c   0x00000028   Code   RO         8076    .text               mf_w.l(ffixui.o)
    0x08000784   0x0000003e   Code   RO         8078    .text               mf_w.l(dfixi.o)
    0x080007c2   0x00000026   Code   RO         8080    .text               mf_w.l(f2d.o)
    0x080007e8   0x00000030   Code   RO         8082    .text               mf_w.l(cdcmple.o)
    0x08000818   0x00000030   Code   RO         8084    .text               mf_w.l(cdrcmple.o)
    0x08000848   0x00000038   Code   RO         8086    .text               mf_w.l(d2f.o)
    0x08000880   0x00000014   Code   RO         8088    .text               mf_w.l(cfcmple.o)
    0x08000894   0x00000014   Code   RO         8090    .text               mf_w.l(cfrcmple.o)
    0x080008a8   0x0000001e   Code   RO         8142    .text               mc_w.l(llshl.o)
    0x080008c6   0x00000020   Code   RO         8144    .text               mc_w.l(llushr.o)
    0x080008e6   0x00000024   Code   RO         8146    .text               mc_w.l(llsshr.o)
    0x0800090a   0x00000000   Code   RO         8155    .text               mc_w.l(iusefp.o)
    0x0800090a   0x0000006e   Code   RO         8156    .text               mf_w.l(fepilogue.o)
    0x08000978   0x000000ba   Code   RO         8158    .text               mf_w.l(depilogue.o)
    0x08000a32   0x000000a2   Code   RO         8160    .text               mf_w.l(dsqrt.o)
    0x08000ad4   0x00000024   Code   RO         8164    .text               mc_w.l(init.o)
    0x08000af8   0x00000056   Code   RO         8174    .text               mc_w.l(__dczerorl2.o)
    0x08000b4e   0x00000042   Code   RO         1412    i.AutoCalPllFactor  system_mm32f327x.o
    0x08000b90   0x00000002   Code   RO         1273    i.BusFault_Handler  common.o
    0x08000b92   0x00000028   Code   RO         1413    i.DELAY_xUs         system_mm32f327x.o
    0x08000bba   0x00000018   Code   RO            4    i.DMA1_Channel1_IRQHandler  isr.o
    0x08000bd2   0x00000018   Code   RO            5    i.DMA1_Channel2_IRQHandler  isr.o
    0x08000bea   0x0000001c   Code   RO            6    i.DMA1_Channel3_IRQHandler  isr.o
    0x08000c06   0x00000020   Code   RO            7    i.DMA1_Channel4_IRQHandler  isr.o
    0x08000c26   0x0000001c   Code   RO            8    i.DMA1_Channel5_IRQHandler  isr.o
    0x08000c42   0x0000001c   Code   RO            9    i.DMA1_Channel6_IRQHandler  isr.o
    0x08000c5e   0x0000001c   Code   RO           10    i.DMA1_Channel7_IRQHandler  isr.o
    0x08000c7a   0x00000002   PAD
    0x08000c7c   0x00000020   Code   RO           11    i.DMA2_Channel1_IRQHandler  isr.o
    0x08000c9c   0x00000020   Code   RO           12    i.DMA2_Channel2_IRQHandler  isr.o
    0x08000cbc   0x00000020   Code   RO           13    i.DMA2_Channel3_IRQHandler  isr.o
    0x08000cdc   0x00000020   Code   RO           14    i.DMA2_Channel4_IRQHandler  isr.o
    0x08000cfc   0x00000024   Code   RO           15    i.DMA2_Channel5_IRQHandler  isr.o
    0x08000d20   0x0000001c   Code   RO         4418    i.DMA_ClearFlag     hal_dma.o
    0x08000d3c   0x0000000c   Code   RO         4420    i.DMA_Cmd           hal_dma.o
    0x08000d48   0x0000004c   Code   RO         4421    i.DMA_DeInit        hal_dma.o
    0x08000d94   0x00000024   Code   RO         4423    i.DMA_GetFlagStatus  hal_dma.o
    0x08000db8   0x00000010   Code   RO         4425    i.DMA_ITConfig      hal_dma.o
    0x08000dc8   0x00000046   Code   RO         4426    i.DMA_Init          hal_dma.o
    0x08000e0e   0x00000002   Code   RO         1274    i.DebugMon_Handler  common.o
    0x08000e10   0x00000006   Code   RO           16    i.EXTI0_IRQHandler  isr.o
    0x08000e16   0x00000076   Code   RO           17    i.EXTI15_10_IRQHandler  isr.o
    0x08000e8c   0x00000006   Code   RO           18    i.EXTI1_IRQHandler  isr.o
    0x08000e92   0x00000006   Code   RO           19    i.EXTI2_IRQHandler  isr.o
    0x08000e98   0x00000006   Code   RO           20    i.EXTI3_IRQHandler  isr.o
    0x08000e9e   0x00000006   Code   RO           21    i.EXTI4_IRQHandler  isr.o
    0x08000ea4   0x0000005c   Code   RO           22    i.EXTI9_5_IRQHandler  isr.o
    0x08000f00   0x0000000c   Code   RO         5024    i.EXTI_ClearFlag    hal_exti.o
    0x08000f0c   0x00000020   Code   RO         5029    i.EXTI_GetITStatus  hal_exti.o
    0x08000f2c   0x00000088   Code   RO         5030    i.EXTI_Init         hal_exti.o
    0x08000fb4   0x00000028   Code   RO         5031    i.EXTI_LineConfig   hal_exti.o
    0x08000fdc   0x0000000e   Code   RO         5032    i.EXTI_StructInit   hal_exti.o
    0x08000fea   0x00000002   PAD
    0x08000fec   0x0000002c   Code   RO         5304    i.FSMC_NORSRAMInit  hal_fsmc.o
    0x08001018   0x00000016   Code   RO         5305    i.FSMC_NORSRAMStructInit  hal_fsmc.o
    0x0800102e   0x00000018   Code   RO         5306    i.FSMC_NORSRAM_BankStructInit  hal_fsmc.o
    0x08001046   0x000000b6   Code   RO         5307    i.FSMC_NORSRAM_Bank_Init  hal_fsmc.o
    0x080010fc   0x0000009c   Code   RO         5348    i.GPIO_Init         hal_gpio.o
    0x08001198   0x00000020   Code   RO         5349    i.GPIO_PinAFConfig  hal_gpio.o
    0x080011b8   0x00000004   Code   RO         5356    i.GPIO_ResetBits    hal_gpio.o
    0x080011bc   0x00000004   Code   RO         5357    i.GPIO_SetBits      hal_gpio.o
    0x080011c0   0x00000010   Code   RO         5358    i.GPIO_StructInit   hal_gpio.o
    0x080011d0   0x00000002   Code   RO         1275    i.HardFault_Handler  common.o
    0x080011d2   0x00000002   PAD
    0x080011d4   0x00000422   Code   RO          514    i.Imu_Update        main.o
    0x080015f6   0x00000002   Code   RO         1276    i.MemManage_Handler  common.o
    0x080015f8   0x00000002   Code   RO         1277    i.NMI_Handler       common.o
    0x080015fa   0x00000002   PAD
    0x080015fc   0x00000060   Code   RO         5734    i.NVIC_Init         hal_misc.o
    0x0800165c   0x00000002   Code   RO         1278    i.PendSV_Handler    common.o
    0x0800165e   0x00000002   PAD
    0x08001660   0x00000018   Code   RO         5885    i.RCC_AHB3PeriphClockCmd  hal_rcc.o
    0x08001678   0x00000018   Code   RO         5887    i.RCC_AHBPeriphClockCmd  hal_rcc.o
    0x08001690   0x00000018   Code   RO         5890    i.RCC_APB1PeriphClockCmd  hal_rcc.o
    0x080016a8   0x00000018   Code   RO         5893    i.RCC_APB2PeriphClockCmd  hal_rcc.o
    0x080016c0   0x00000020   Code   RO         5910    i.RCC_GetHCLKFreq   hal_rcc.o
    0x080016e0   0x00000020   Code   RO         5912    i.RCC_GetPCLK1Freq  hal_rcc.o
    0x08001700   0x00000020   Code   RO         5913    i.RCC_GetPCLK2Freq  hal_rcc.o
    0x08001720   0x00000050   Code   RO         5915    i.RCC_GetSysClockFreq  hal_rcc.o
    0x08001770   0x00000002   Code   RO         1279    i.SVC_Handler       common.o
    0x08001772   0x00000002   PAD
    0x08001774   0x00000180   Code   RO         1414    i.SetSysClockToXX   system_mm32f327x.o
    0x080018f4   0x00000014   Code   RO          915    i.SysTick_Handler   delay.o
    0x08001908   0x0000006c   Code   RO         1415    i.SystemInit        system_mm32f327x.o
    0x08001974   0x00000010   Code   RO           23    i.TIM1_UP_IRQHandler  isr.o
    0x08001984   0x0000000e   Code   RO           24    i.TIM2_IRQHandler   isr.o
    0x08001992   0x00000002   PAD
    0x08001994   0x00000010   Code   RO           25    i.TIM3_IRQHandler   isr.o
    0x080019a4   0x00000010   Code   RO           26    i.TIM4_IRQHandler   isr.o
    0x080019b4   0x00000010   Code   RO           27    i.TIM5_IRQHandler   isr.o
    0x080019c4   0x00000010   Code   RO           28    i.TIM6_IRQHandler   isr.o
    0x080019d4   0x00000014   Code   RO           29    i.TIM7_IRQHandler   isr.o
    0x080019e8   0x00000014   Code   RO           30    i.TIM8_UP_IRQHandler  isr.o
    0x080019fc   0x00000014   Code   RO         6726    i.TIM_ARRPreloadConfig  hal_tim.o
    0x08001a10   0x00000014   Code   RO         6739    i.TIM_Cmd           hal_tim.o
    0x08001a24   0x00000014   Code   RO         6741    i.TIM_CtrlPWMOutputs  hal_tim.o
    0x08001a38   0x00000010   Code   RO         6742    i.TIM_DMACmd        hal_tim.o
    0x08001a48   0x0000002c   Code   RO         6748    i.TIM_ETRConfig     hal_tim.o
    0x08001a74   0x00000060   Code   RO         6775    i.TIM_OC2Init       hal_tim.o
    0x08001ad4   0x0000000e   Code   RO         6778    i.TIM_OC2PreloadConfig  hal_tim.o
    0x08001ae2   0x00000002   PAD
    0x08001ae4   0x00000048   Code   RO         6785    i.TIM_OC4Init       hal_tim.o
    0x08001b2c   0x0000000e   Code   RO         6787    i.TIM_OC4PreloadConfig  hal_tim.o
    0x08001b3a   0x00000014   Code   RO         6792    i.TIM_OCStructInit  hal_tim.o
    0x08001b4e   0x0000000c   Code   RO         6799    i.TIM_SelectInputTrigger  hal_tim.o
    0x08001b5a   0x0000000c   Code   RO         6800    i.TIM_SelectMasterSlaveMode  hal_tim.o
    0x08001b66   0x0000000c   Code   RO         6804    i.TIM_SelectSlaveMode  hal_tim.o
    0x08001b72   0x00000002   PAD
    0x08001b74   0x00000018   Code   RO         6813    i.TIM_SetCompare2   hal_tim.o
    0x08001b8c   0x00000018   Code   RO         6815    i.TIM_SetCompare4   hal_tim.o
    0x08001ba4   0x00000074   Code   RO         6827    i.TIM_TimeBaseInit  hal_tim.o
    0x08001c18   0x00000012   Code   RO         6828    i.TIM_TimeBaseStructInit  hal_tim.o
    0x08001c2a   0x00000002   PAD
    0x08001c2c   0x00000034   Code   RO           31    i.UART1_IRQHandler  isr.o
    0x08001c60   0x0000002c   Code   RO           32    i.UART2_IRQHandler  isr.o
    0x08001c8c   0x0000002c   Code   RO           33    i.UART3_IRQHandler  isr.o
    0x08001cb8   0x00000034   Code   RO           34    i.UART4_IRQHandler  isr.o
    0x08001cec   0x00000024   Code   RO           35    i.UART5_IRQHandler  isr.o
    0x08001d10   0x0000002c   Code   RO           36    i.UART6_IRQHandler  isr.o
    0x08001d3c   0x0000002c   Code   RO           37    i.UART7_IRQHandler  isr.o
    0x08001d68   0x00000030   Code   RO           38    i.UART8_IRQHandler  isr.o
    0x08001d98   0x0000000c   Code   RO         7383    i.UART_Cmd          hal_uart.o
    0x08001da4   0x0000000e   Code   RO         7384    i.UART_DMACmd       hal_uart.o
    0x08001db2   0x00000002   PAD
    0x08001db4   0x00000070   Code   RO         7391    i.UART_Init         hal_uart.o
    0x08001e24   0x00000018   Code   RO         7404    i.UART_StructInit   hal_uart.o
    0x08001e3c   0x00000002   Code   RO         1280    i.UsageFault_Handler  common.o
    0x08001e3e   0x00000028   Code   RO         8109    i.__ARM_fpclassify  m_ws.l(fpclassify.o)
    0x08001e66   0x00000002   PAD
    0x08001e68   0x00000388   Code   RO         8114    i.__ieee754_rem_pio2  m_ws.l(rred.o)
    0x080021f0   0x000000fc   Code   RO         8092    i.__kernel_cos      m_ws.l(cos_i.o)
    0x080022ec   0x000000aa   Code   RO         8111    i.__kernel_poly     m_ws.l(poly.o)
    0x08002396   0x00000002   PAD
    0x08002398   0x000000ec   Code   RO         8119    i.__kernel_sin      m_ws.l(sin_i.o)
    0x08002484   0x00000010   Code   RO         8095    i.__mathlib_dbl_divzero  m_ws.l(dunder.o)
    0x08002494   0x00000006   Code   RO         8096    i.__mathlib_dbl_infnan  m_ws.l(dunder.o)
    0x0800249a   0x00000004   Code   RO         8097    i.__mathlib_dbl_infnan2  m_ws.l(dunder.o)
    0x0800249e   0x0000000c   Code   RO         8098    i.__mathlib_dbl_invalid  m_ws.l(dunder.o)
    0x080024aa   0x0000000e   Code   RO         8099    i.__mathlib_dbl_overflow  m_ws.l(dunder.o)
    0x080024b8   0x00000010   Code   RO         8101    i.__mathlib_dbl_underflow  m_ws.l(dunder.o)
    0x080024c8   0x0000000e   Code   RO         8168    i.__scatterload_copy  mc_w.l(handlers.o)
    0x080024d6   0x00000002   Code   RO         8169    i.__scatterload_null  mc_w.l(handlers.o)
    0x080024d8   0x0000000e   Code   RO         8170    i.__scatterload_zeroinit  mc_w.l(handlers.o)
    0x080024e6   0x00000002   PAD
    0x080024e8   0x0000000c   Code   RO         8150    i.__set_errno       mc_w.l(errno.o)
    0x080024f4   0x00000054   Code   RO          515    i.add               main.o
    0x08002548   0x0000006c   Code   RO         1656    i.afio_init         zf_gpio.o
    0x080025b4   0x00000270   Code   RO         7723    i.asin              m_ws.l(asin.o)
    0x08002824   0x00000220   Code   RO         7733    i.atan              m_ws.l(atan.o)
    0x08002a44   0x0000002a   Code   RO          516    i.blue_square       main.o
    0x08002a6e   0x00000002   PAD
    0x08002a70   0x000000a0   Code   RO         1240    i.board_init        board.o
    0x08002b10   0x0000003c   Code   RO          517    i.calculate_aaa     main.o
    0x08002b4c   0x0000004c   Code   RO          518    i.calculate_bounder  main.o
    0x08002b98   0x0000009c   Code   RO         7743    i.cos               m_ws.l(cos.o)
    0x08002c34   0x00000060   Code   RO          853    i.drv8701_control   drv8701.o
    0x08002c94   0x0000012c   Code   RO          854    i.drv8701_init      drv8701.o
    0x08002dc0   0x0000011c   Code   RO          883    i.encoder_init      encoder.o
    0x08002edc   0x000000cc   Code   RO          968    i.findcenter_2      image.o
    0x08002fa8   0x00000050   Code   RO         1632    i.fsmc_init         zf_fsmc.o
    0x08002ff8   0x0000005c   Code   RO         3025    i.get_config        seekfree_mt9v03x.o
    0x08003054   0x00000030   Code   RO         2354    i.get_icm20602_accdata_spi  seekfree_icm20602.o
    0x08003084   0x00000030   Code   RO         2355    i.get_icm20602_gyro_spi  seekfree_icm20602.o
    0x080030b4   0x00000024   Code   RO         1658    i.gpio_get          zf_gpio.o
    0x080030d8   0x0000009c   Code   RO         1659    i.gpio_init         zf_gpio.o
    0x08003174   0x0000003c   Code   RO         2356    i.gpio_init_spi2_cs  seekfree_icm20602.o
    0x080031b0   0x00000080   Code   RO          519    i.gyro_OffsetInit   main.o
    0x08003230   0x00000114   Code   RO         2357    i.icm20602_data_change  seekfree_icm20602.o
    0x08003344   0x00000088   Code   RO         2358    i.icm20602_init_spi  seekfree_icm20602.o
    0x080033cc   0x00000040   Code   RO         2359    i.icm_spi_r_reg_byte  seekfree_icm20602.o
    0x0800340c   0x00000030   Code   RO         2360    i.icm_spi_r_reg_bytes  seekfree_icm20602.o
    0x0800343c   0x00000034   Code   RO         2361    i.icm_spi_w_reg_byte  seekfree_icm20602.o
    0x08003470   0x00000034   Code   RO          520    i.invSqrt           main.o
    0x080034a4   0x00000038   Code   RO         2679    i.ips200_address_set  seekfree_ips200_parallel8.o
    0x080034dc   0x00000032   Code   RO         2680    i.ips200_clear      seekfree_ips200_parallel8.o
    0x0800350e   0x00000016   Code   RO         2690    i.ips200_drawpoint  seekfree_ips200_parallel8.o
    0x08003524   0x00000258   Code   RO         2691    i.ips200_init       seekfree_ips200_parallel8.o
    0x0800377c   0x00000064   Code   RO         2692    i.ips200_showchar   seekfree_ips200_parallel8.o
    0x080037e0   0x0000009c   Code   RO         2693    i.ips200_showfloat  seekfree_ips200_parallel8.o
    0x0800387c   0x0000002a   Code   RO         2698    i.ips200_showstr    seekfree_ips200_parallel8.o
    0x080038a6   0x00000002   PAD
    0x080038a8   0x00000030   Code   RO         2703    i.ips200_wr_data    seekfree_ips200_parallel8.o
    0x080038d8   0x0000004c   Code   RO         2704    i.ips200_wr_data16  seekfree_ips200_parallel8.o
    0x08003924   0x00000030   Code   RO         2705    i.ips200_wr_reg     seekfree_ips200_parallel8.o
    0x08003954   0x000001a4   Code   RO          521    i.key_action        main.o
    0x08003af8   0x000001ac   Code   RO          522    i.main              main.o
    0x08003ca4   0x0000001c   Code   RO         3026    i.mt9v03x_dma       seekfree_mt9v03x.o
    0x08003cc0   0x000000c4   Code   RO         3027    i.mt9v03x_dma_init  seekfree_mt9v03x.o
    0x08003d84   0x00000074   Code   RO         3028    i.mt9v03x_exti_init  seekfree_mt9v03x.o
    0x08003df8   0x00000054   Code   RO         3029    i.mt9v03x_init      seekfree_mt9v03x.o
    0x08003e4c   0x000000a8   Code   RO         3030    i.mt9v03x_tim1_etr_init  seekfree_mt9v03x.o
    0x08003ef4   0x00000038   Code   RO         3031    i.mt9v03x_uart_callback  seekfree_mt9v03x.o
    0x08003f2c   0x000000a0   Code   RO         3032    i.mt9v03x_uart_init  seekfree_mt9v03x.o
    0x08003fcc   0x00000038   Code   RO         3033    i.mt9v03x_uart_rx_irq  seekfree_mt9v03x.o
    0x08004004   0x00000018   Code   RO         3034    i.mt9v03x_vsync     seekfree_mt9v03x.o
    0x0800401c   0x0000004e   Code   RO         1365    i.number_conversion_ascii  seekfree_printf.o
    0x0800406a   0x00000002   PAD
    0x0800406c   0x000000a0   Code   RO         1176    i.pd_control_for_balance  pid.o
    0x0800410c   0x000000a0   Code   RO         1177    i.pi_control_for_speed  pid.o
    0x080041ac   0x000000b0   Code   RO         1183    i.pid_calculate_4   pid.o
    0x0800425c   0x00000054   Code   RO          524    i.pit_tim7_hanlder  main.o
    0x080042b0   0x0000049c   Code   RO          525    i.pit_tim8_hanlder  main.o
    0x0800474c   0x000009d8   Code   RO         7751    i.pow               m_ws.l(pow.o)
    0x08005124   0x0000001e   Code   RO         1366    i.printf_reverse_order  seekfree_printf.o
    0x08005142   0x00000002   PAD
    0x08005144   0x00000140   Code   RO          526    i.q0q1q2q3_init     main.o
    0x08005284   0x00000054   Code   RO          527    i.reduce            main.o
    0x080052d8   0x000000c8   Code   RO         3499    i.seekfree_wireless_init  seekfree_wireless.o
    0x080053a0   0x00000068   Code   RO         3037    i.set_config        seekfree_mt9v03x.o
    0x08005408   0x000003e4   Code   RO          528    i.show_turn         main.o
    0x080057ec   0x000000a0   Code   RO         7761    i.sin               m_ws.l(sin.o)
    0x0800588c   0x00000068   Code   RO         2362    i.spi2_init         seekfree_icm20602.o
    0x080058f4   0x00000034   Code   RO         2363    i.spi2_mosi         seekfree_icm20602.o
    0x08005928   0x0000007c   Code   RO         2364    i.spi2_pin_init     seekfree_icm20602.o
    0x080059a4   0x0000004c   Code   RO         7769    i.sqrt              m_ws.l(sqrt.o)
    0x080059f0   0x0000001a   Code   RO         1842    i.systick_delay     zf_systick.o
    0x08005a0a   0x00000002   PAD
    0x08005a0c   0x00000020   Code   RO         1843    i.systick_delay_ms  zf_systick.o
    0x08005a2c   0x00000080   Code   RO          529    i.tim7_interrupt_init_ms  main.o
    0x08005aac   0x00000080   Code   RO          530    i.tim8_interrupt_init_ms  main.o
    0x08005b2c   0x00000010   Code   RO          884    i.tim_encoder_get_count_  encoder.o
    0x08005b3c   0x0000000a   Code   RO         3039    i.uart1_putchar     seekfree_mt9v03x.o
    0x08005b46   0x00000002   PAD
    0x08005b48   0x00000030   Code   RO         1241    i.uart1_rx_irq      board.o
    0x08005b78   0x00000030   Code   RO         3502    i.uart4_rx_irq      seekfree_wireless.o
    0x08005ba8   0x00000024   Code   RO         3040    i.uart8_putbuff     seekfree_mt9v03x.o
    0x08005bcc   0x00000010   Code   RO          531    i.uart_order_receive  main.o
    0x08005bdc   0x00000032   Code   RO          532    i.white_square      main.o
    0x08005c0e   0x00000002   PAD
    0x08005c10   0x00000098   Code   RO         3503    i.wireless_usart_dma  seekfree_wireless.o
    0x08005ca8   0x00000030   Code   RO         3504    i.wireless_usart_dma_interrupt  seekfree_wireless.o
    0x08005cd8   0x00000214   Code   RO         1367    i.zf_sprintf        seekfree_printf.o
    0x08005eec   0x000005f0   Data   RO         2325    .constdata          seekfree_font.o
    0x080064dc   0x00000004   PAD
    0x080064e0   0x00000050   Data   RO         7724    .constdata          m_ws.l(asin.o)
    0x08006530   0x00000098   Data   RO         7734    .constdata          m_ws.l(atan.o)
    0x080065c8   0x00000088   Data   RO         7752    .constdata          m_ws.l(pow.o)
    0x08006650   0x00000030   Data   RO         8093    .constdata          m_ws.l(cos_i.o)
    0x08006680   0x00000008   Data   RO         8113    .constdata          m_ws.l(qnan.o)
    0x08006688   0x000000c8   Data   RO         8116    .constdata          m_ws.l(rred.o)
    0x08006750   0x00000028   Data   RO         8120    .constdata          m_ws.l(sin_i.o)
    0x08006778   0x00000020   Data   RO         8166    Region$$Table       anon$$obj.o


    Execution Region RW_IRAM1 (Base: 0x20000000, Size: 0x0000d1c0, Max: 0x00020000, ABSOLUTE, COMPRESSED[0x000000f0])

    Base Addr    Size         Type   Attr      Idx    E Section Name        Object

    0x20000000   0x00000190   Data   RW          545    .data               main.o
    0x20000190   0x00000001   Data   RW          551    .data               main.o
    0x20000191   0x00000003   PAD
    0x20000194   0x00000004   Data   RW          566    .data               main.o
    0x20000198   0x00000004   Data   RW          567    .data               main.o
    0x2000019c   0x00000001   Data   RW          596    .data               main.o
    0x2000019d   0x00000001   Data   RW          597    .data               main.o
    0x2000019e   0x00000002   PAD
    0x200001a0   0x00000004   Data   RW          917    .data               delay.o
    0x200001a4   0x00000004   Data   RW         1285    .data               common.o
    0x200001a8   0x00000004   Data   RW         1416    .data               system_mm32f327x.o
    0x200001ac   0x00000020   Data   RW         1662    .data               zf_gpio.o
    0x200001cc   0x00000024   Data   RW         2365    .data               seekfree_icm20602.o
    0x200001f0   0x0000004a   Data   RW         3042    .data               seekfree_mt9v03x.o
    0x2000023a   0x00000010   Data   RW         5941    .data               hal_rcc.o
    0x2000024a   0x00000002   PAD
    0x2000024c   0x00000004   Data   RW         8151    .data               mc_w.l(errno.o)
    0x20000250   0x00009c90   Zero   RW          534    .bss                main.o
    0x20009ee0   0x00002ee0   Zero   RW         3041    .bss                seekfree_mt9v03x.o
    0x2000cdc0   0x00000400   Zero   RW         1453    STACK               startup_mm32f327x_keil.o


==============================================================================

Image component sizes


      Code (inc. data)   RO Data    RW Data    ZI Data      Debug   Object Name

       208         14          0          0          0       1352   board.o
        16          0          0          4          0       7519   common.o
        20          4          0          4          0       1210   delay.o
       396         18          0          0          0       1505   drv8701.o
       300         14          0          0          0       1844   encoder.o
       238         30          0          0          0       8221   hal_dma.o
       234         22          0          0          0       6036   hal_exti.o
       272          4          0          0          0       3163   hal_fsmc.o
       212          0          0          0          0       6293   hal_gpio.o
        96          6          0          0          0       1156   hal_misc.o
       272         68          0         16          0       8925   hal_rcc.o
       554         50          0          0          0      19373   hal_tim.o
       162          6          0          0          0       5019   hal_uart.o
       204         32          0          0          0        783   image.o
      1094        134          0          0          0     155874   isr.o
      5334        378          0        411      40080      34691   main.o
       496         44          0          0          0       2370   pid.o
         0          0       1520          0          0       1077   seekfree_font.o
      1012         66          0         36          0       8948   seekfree_icm20602.o
      1198         36          0          0          0       9009   seekfree_ips200_parallel8.o
      1130         90          0         74      12000      10452   seekfree_mt9v03x.o
       640          6          0          0          0       4686   seekfree_printf.o
       448         32          0          0          0       2840   seekfree_wireless.o
        36          8        400          0       1024        936   startup_mm32f327x_keil.o
       598         56          0          4          0       4132   system_mm32f327x.o
        80          0          0          0          0        688   zf_fsmc.o
       300         24          0         32          0       4328   zf_gpio.o
        58          4          0          0          0       1667   zf_systick.o

    ----------------------------------------------------------------------
     15644       1146       1956        588      53104     314097   Object Totals
         0          0         32          0          0          0   (incl. Generated)
        36          0          4          7          0          0   (incl. Padding)

    ----------------------------------------------------------------------

      Code (inc. data)   RO Data    RW Data    ZI Data      Debug   Library Member Name

       624         52         80          0          0        168   asin.o
       544         70        152          0          0        124   atan.o
       156          8          0          0          0        104   cos.o
       252         22         48          0          0        124   cos_i.o
        68         10          0          0          0        408   dunder.o
        40          0          0          0          0         68   fpclassify.o
       170          0          0          0          0         96   poly.o
      2520        190        136          0          0        324   pow.o
         0          0          8          0          0          0   qnan.o
       904         76        200          0          0        140   rred.o
       160         10          0          0          0        108   sin.o
       236         12         40          0          0        128   sin_i.o
        76          0          0          0          0         84   sqrt.o
        86          0          0          0          0          0   __dczerorl2.o
         0          0          0          0          0          0   entry.o
         0          0          0          0          0          0   entry10a.o
         0          0          0          0          0          0   entry11a.o
         8          4          0          0          0          0   entry2.o
         4          0          0          0          0          0   entry5.o
         0          0          0          0          0          0   entry7b.o
         0          0          0          0          0          0   entry8b.o
         8          4          0          0          0          0   entry9a.o
        12          6          0          4          0         68   errno.o
        30          0          0          0          0          0   handlers.o
        36          8          0          0          0         68   init.o
         0          0          0          0          0          0   iusefp.o
        30          0          0          0          0         68   llshl.o
        36          0          0          0          0         68   llsshr.o
        32          0          0          0          0         68   llushr.o
        36          0          0          0          0         68   memcpya.o
        48          0          0          0          0         68   cdcmple.o
        48          0          0          0          0         68   cdrcmple.o
        20          0          0          0          0         68   cfcmple.o
        20          0          0          0          0         68   cfrcmple.o
        56          0          0          0          0         88   d2f.o
       334          0          0          0          0        148   dadd.o
       222          0          0          0          0        100   ddiv.o
       186          0          0          0          0        176   depilogue.o
        62          0          0          0          0         80   dfixi.o
        34          0          0          0          0         76   dflti.o
        26          0          0          0          0         76   dfltui.o
       228          0          0          0          0         96   dmul.o
        46          0          0          0          0         80   dscalb.o
       162          0          0          0          0        100   dsqrt.o
        38          0          0          0          0         68   f2d.o
       176          0          0          0          0        140   fadd.o
       124          0          0          0          0         88   fdiv.o
       110          0          0          0          0        168   fepilogue.o
        50          0          0          0          0         68   ffixi.o
        40          0          0          0          0         68   ffixui.o
        18          0          0          0          0         68   fflti.o
        10          0          0          0          0         68   ffltui.o
       100          0          0          0          0         76   fmul.o
        24          0          0          0          0         68   fscalb.o

    ----------------------------------------------------------------------
      8256        472        664          4          0       4456   Library Totals
         6          0          0          0          0          0   (incl. Padding)

    ----------------------------------------------------------------------

      Code (inc. data)   RO Data    RW Data    ZI Data      Debug   Library Name

      5750        450        664          0          0       1876   m_ws.l
       318         22          0          4          0        408   mc_w.l
      2182          0          0          0          0       2172   mf_w.l

    ----------------------------------------------------------------------
      8256        472        664          4          0       4456   Library Totals

    ----------------------------------------------------------------------

==============================================================================


      Code (inc. data)   RO Data    RW Data    ZI Data      Debug   

     23900       1618       2620        592      53104     307605   Grand Totals
     23900       1618       2620        240      53104     307605   ELF Image Totals (compressed)
     23900       1618       2620        240          0          0   ROM Totals

==============================================================================

    Total RO  Size (Code + RO Data)                26520 (  25.90kB)
    Total RW  Size (RW Data + ZI Data)             53696 (  52.44kB)
    Total ROM Size (Code + RO Data + RW Data)      26760 (  26.13kB)

==============================================================================

