<html>
<body>
<pre>
<h1>礦ision Build Log</h1>
<h2>Tool Versions:</h2>
IDE-Version: μVision V5.18.0.0
Copyright (C) 2016 ARM Ltd and ARM Germany GmbH. All rights reserved.
License Information: 1 yyg, 2, LIC=MGXG8-3IU10-GQT0H-WEF7Z-H6EJV-MYQ14
 
Tool Versions:
Toolchain:       MDK-ARM Professional  Version: 5.18
Toolchain Path:  C:\Keil_v5\ARM\ARMCC\Bin
C Compiler:      Armcc.exe V5.06 update 1 (build 61)
Assembler:       Armasm.exe V5.06 update 1 (build 61)
Linker/Locator:  ArmLink.exe V5.06 update 1 (build 61)
Library Manager: ArmAr.exe V5.06 update 1 (build 61)
Hex Converter:   FromElf.exe V5.06 update 1 (build 61)
CPU DLL:         SARMCM3.DLL V5.18
Dialog DLL:      DCM.DLL V1.13.6.0
Target DLL:      CMSIS_AGDI.dll V1.25.7.0
Dialog DLL:      TCM.DLL V1.14.8.0
 
<h2>Project:</h2>
C:\Users\yyg\Desktop\决赛文件\平衡车V17.0（39侧翼绕灯全程300速）\MM32F3277\08_1_ICM20602_6Axis_Module_Demo\MDK\MM32F3277.uvprojx
Project File Date:  08/01/2022

<h2>Output:</h2>
*** Using Compiler 'V5.06 update 1 (build 61)', folder: 'C:\Keil_v5\ARM\ARMCC\Bin'
Build target 'MM32F3277_Demo'
assembling startup_mm32f327x_keil.s...
compiling key.c...
compiling pid.c...
compiling drv8701.c...
compiling common.c...
compiling zf_adc.c...
compiling image.c...
compiling SEEKFREE_PRINTF.c...
compiling encoder.c...
compiling board.c...
compiling system_mm32f327x.c...
compiling delay.c...
compiling zf_flash.c...
compiling zf_exti.c...
compiling zf_gpio.c...
compiling zf_camera.c...
compiling main.c...
compiling imu963ra.c...
compiling zf_fsmc.c...
compiling zf_pit.c...
compiling isr.c...
compiling zf_spi.c...
compiling zf_pwm.c...
compiling zf_systick.c...
compiling zf_tim.c...
compiling SEEKFREE_FONT.c...
compiling zf_uart.c...
compiling SEEKFREE_7725.c...
compiling SEEKFREE_18TFT.c...
compiling SEEKFREE_ABSOLUTE_ENCODER.c...
compiling SEEKFREE_ICM20602.c...
compiling SEEKFREE_IIC.c...
compiling SEEKFREE_L3G4200D.c...
compiling SEEKFREE_MPU6050.c...
compiling SEEKFREE_MMA8451.c...
compiling SEEKFREE_TSL1401.c...
compiling SEEKFREE_OLED.c...
compiling SEEKFREE_IPS114_SPI.c...
compiling SEEKFREE_IPS200_PARALLEL8.c...
compiling SEEKFREE_MT9V03X.c...
compiling SEEKFREE_VIRSCO.c...
compiling hal_comp.c...
compiling hal_crc.c...
compiling hal_crs.c...
compiling hal_bkp.c...
compiling SEEKFREE_WIRELESS.c...
compiling SEEKFREE_UART_7725.c...
compiling hal_dac.c...
compiling hal_can.c...
compiling hal_adc.c...
compiling hal_dbg.c...
compiling hal_flash.c...
compiling hal_exti.c...
compiling hal_fsmc.c...
compiling hal_dma.c...
compiling hal_iwdg.c...
compiling hal_eth.c...
compiling hal_gpio.c...
compiling hal_i2c.c...
compiling hal_rtc.c...
compiling hal_misc.c...
compiling hal_ver.c...
compiling hal_uid.c...
compiling hal_pwr.c...
compiling hal_rcc.c...
compiling hal_uart.c...
compiling hal_sdio.c...
compiling hal_spi.c...
compiling hal_tim.c...
compiling hal_wwdg.c...
linking...
Program Size: Code=23900 RO-data=2620 RW-data=592 ZI-data=53104  
".\Objects\MM32F3277.axf" - 0 Error(s), 0 Warning(s).

<h2>Collection of Component include folders:</h2>
  C:\Users\yyg\Desktop\决赛文件\平衡车V17.0（39侧翼绕灯全程300速）\MM32F3277\08_1_ICM20602_6Axis_Module_Demo\MDK\RTE

<h2>Collection of Component Files used:</h2>
Build Time Elapsed:  00:00:10
</pre>
</body>
</html>
